Archive member included to satisfy reference by file (symbol)

C:/Users/jimmy/Desktop/Coding/NDS/ROMS/Mine/CHKNnfl/nflib/lib\libnflib.a(nf_2d.o)
                              main.o (NF_Set2D)
C:/Users/jimmy/Desktop/Coding/NDS/ROMS/Mine/CHKNnfl/nflib/lib\libnflib.a(nf_basic.o)
                              C:/Users/jimmy/Desktop/Coding/NDS/ROMS/Mine/CHKNnfl/nflib/lib\libnflib.a(nf_2d.o) (NF_Error)
C:/Users/jimmy/Desktop/Coding/NDS/ROMS/Mine/CHKNnfl/nflib/lib\libnflib.a(nf_bitmapbg.o)
                              main.o (NF_Init16bitsBgBuffers)
C:/Users/jimmy/Desktop/Coding/NDS/ROMS/Mine/CHKNnfl/nflib/lib\libnflib.a(nf_sound.o)
                              main.o (NF_InitRawSoundBuffers)
C:/Users/jimmy/Desktop/Coding/NDS/ROMS/Mine/CHKNnfl/nflib/lib\libnflib.a(nf_sprite256.o)
                              main.o (NF_InitSpriteBuffers)
C:/Users/jimmy/Desktop/Coding/NDS/ROMS/Mine/CHKNnfl/nflib/lib\libnflib.a(nf_tiledbg.o)
                              C:/Users/jimmy/Desktop/Coding/NDS/ROMS/Mine/CHKNnfl/nflib/lib\libnflib.a(nf_2d.o) (NF_BUFFER_BGMAP)
C:/devkitPro/libnds/lib\libfilesystem.a(nitrofs.o)
                              C:/Users/jimmy/Desktop/Coding/NDS/ROMS/Mine/CHKNnfl/nflib/lib\libnflib.a(nf_basic.o) (nitroFSInit)
C:/devkitPro/libnds/lib\libfat.a(libfat.o)
                              C:/Users/jimmy/Desktop/Coding/NDS/ROMS/Mine/CHKNnfl/nflib/lib\libnflib.a(nf_basic.o) (fatInitDefault)
C:/devkitPro/libnds/lib\libfat.a(disc.o)
                              C:/devkitPro/libnds/lib\libfat.a(libfat.o) (_FAT_disc_interfaces)
C:/devkitPro/libnds/lib\libfat.a(fatfile.o)
                              C:/devkitPro/libnds/lib\libfat.a(libfat.o) (_FAT_open_r)
C:/devkitPro/libnds/lib\libfat.a(cache.o)
                              C:/devkitPro/libnds/lib\libfat.a(fatfile.o) (_FAT_cache_readSectors)
C:/devkitPro/libnds/lib\libfat.a(fatdir.o)
                              C:/devkitPro/libnds/lib\libfat.a(libfat.o) (_FAT_stat_r)
C:/devkitPro/libnds/lib\libfat.a(directory.o)
                              C:/devkitPro/libnds/lib\libfat.a(fatfile.o) (_FAT_directory_entryGetCluster)
C:/devkitPro/libnds/lib\libfat.a(partition.o)
                              C:/devkitPro/libnds/lib\libfat.a(libfat.o) (_FAT_partition_destructor)
C:/devkitPro/libnds/lib\libfat.a(lock.o)
                              C:/devkitPro/libnds/lib\libfat.a(partition.o) (_FAT_lock_init)
C:/devkitPro/libnds/lib\libfat.a(filetime.o)
                              C:/devkitPro/libnds/lib\libfat.a(fatfile.o) (_FAT_filetime_getTimeFromRTC)
C:/devkitPro/libnds/lib\libfat.a(file_allocation_table.o)
                              C:/devkitPro/libnds/lib\libfat.a(fatfile.o) (_FAT_fat_nextCluster)
C:/devkitPro/libnds/lib\libnds9.a(video.o)
                              C:/Users/jimmy/Desktop/Coding/NDS/ROMS/Mine/CHKNnfl/nflib/lib\libnflib.a(nf_basic.o) (setBrightness)
C:/devkitPro/libnds/lib\libnds9.a(console.o)
                              main.o (consoleDemoInit)
C:/devkitPro/libnds/lib\libnds9.a(sound.o)
                              C:/Users/jimmy/Desktop/Coding/NDS/ROMS/Mine/CHKNnfl/nflib/lib\libnflib.a(nf_sound.o) (soundPlaySample)
C:/devkitPro/libnds/lib\libnds9.a(sprite.o)
                              C:/Users/jimmy/Desktop/Coding/NDS/ROMS/Mine/CHKNnfl/nflib/lib\libnflib.a(nf_sprite256.o) (oamInit)
C:/devkitPro/libnds/lib\libnds9.a(keys.o)
                              main.o (scanKeys)
C:/devkitPro/libnds/lib\libnds9.a(dldi.o)
                              C:/devkitPro/libnds/lib\libfat.a(disc.o) (dldiGetInternal)
C:/devkitPro/libnds/lib\libnds9.a(initSystem.o)
                              c:/devkitpro/devkitarm/bin/../lib/gcc/arm-none-eabi/12.1.0/../../../../arm-none-eabi/lib/thumb/ds_arm9_crt0.o (initSystem)
C:/devkitPro/libnds/lib\libnds9.a(securearea.o)
                              c:/devkitpro/devkitarm/bin/../lib/gcc/arm-none-eabi/12.1.0/../../../../arm-none-eabi/lib/thumb/ds_arm9_crt0.o (__secure_area__)
C:/devkitPro/libnds/lib\libnds9.a(interrupts.o)
                              C:/devkitPro/libnds/lib\libnds9.a(initSystem.o) (irqInit)
C:/devkitPro/libnds/lib\libnds9.a(libnds_exit.arm.o)
                              c:/devkitpro/devkitarm/bin/../lib/gcc/arm-none-eabi/12.1.0/../../../../arm-none-eabi/lib/thumb/ds_arm9_crt0.o (__libnds_exit)
C:/devkitPro/libnds/lib\libnds9.a(card.o)
                              C:/devkitPro/libnds/lib\libfilesystem.a(nitrofs.o) (cardParamCommand)
C:/devkitPro/libnds/lib\libnds9.a(fifosystem.o)
                              C:/devkitPro/libnds/lib\libnds9.a(initSystem.o) (fifoSetValue32Handler)
C:/devkitPro/libnds/lib\libnds9.a(dcache.o)
                              C:/Users/jimmy/Desktop/Coding/NDS/ROMS/Mine/CHKNnfl/nflib/lib\libnflib.a(nf_basic.o) (DC_FlushRange)
C:/devkitPro/libnds/lib\libnds9.a(dldi_stub.o)
                              C:/devkitPro/libnds/lib\libnds9.a(dldi.o) (_io_dldi_stub)
C:/devkitPro/libnds/lib\libnds9.a(mpu_setup.o)
[...]
Memory Configuration

Name             Origin             Length             Attributes
ewram            0x0000000002000000 0x0000000000380000
dtcm             0x0000000002ff0000 0x0000000000004000
vectors          0x0000000001000000 0x0000000000000100
itcm             0x0000000001000100 0x0000000000007f00
*default*        0x0000000000000000 0xffffffffffffffff

Linker script and memory map

                0x0000000002380000                __ewram_end = (ORIGIN (ewram) + LENGTH (ewram))
                0x0000000002380000                __eheap_end = (ORIGIN (ewram) + LENGTH (ewram))
                0x0000000002ff4000                __dtcm_top = (ORIGIN (dtcm) + LENGTH (dtcm))
                0x0000000002ff3ff8                __irq_flags = (__dtcm_top - 0x8)
                0x0000000002ff3ffc                __irq_vector = (__dtcm_top - 0x4)
                0x0000000002ff3f00                __sp_svc = (__dtcm_top - 0x100)
                0x0000000002ff3e00                __sp_irq = (__sp_svc - 0x100)
                0x0000000002ff3d00                __sp_usr = (__sp_irq - 0x100)

.secure         0x0000000002000000      0x800
 *(.secure)
 .secure        0x0000000002000000      0x800 C:/devkitPro/libnds/lib\libnds9.a(securearea.o)
                0x0000000002000000                __secure_area__

.crt0           0x0000000002000800      0x300
                0x0000000002000800                __text_start = .
 *(.crt0)
 .crt0          0x0000000002000800      0x300 c:/devkitpro/devkitarm/bin/../lib/gcc/arm-none-eabi/12.1.0/../../../../arm-none-eabi/lib/thumb/ds_arm9_crt0.o
                0x0000000002000800                _start
                0x0000000002000b00                . = ALIGN (0x4)

.plt
 *(.plt)

.init           0x0000000002000b00        0xc
 *(SORT_NONE(.init))
 .init          0x0000000002000b00        0x4 c:/devkitpro/devkitarm/bin/../lib/gcc/arm-none-eabi/12.1.0/thumb/crti.o
                0x0000000002000b00                _init
 .init          0x0000000002000b04        0x8 c:/devkitpro/devkitarm/bin/../lib/gcc/arm-none-eabi/12.1.0/thumb/crtn.o

.text           0x0000000002000b40    0x1c940
 *(EXCLUDE_FILE(*.twl* *.vectors* *.itcm*) .text)
 .text          0x0000000002000b40      0x874 C:/Users/jimmy/Desktop/Coding/NDS/ROMS/Mine/CHKNnfl/nflib/lib\libnflib.a(nf_2d.o)
                0x0000000002000b40                NF_Set2D
                0x0000000002000ba8                NF_ShowBg
                0x0000000002000c24                NF_HideBg
                0x0000000002000cc8                NF_ScrollBg
                0x0000000002001018                NF_MoveSprite
                0x0000000002001038                NF_SpriteLayer
                0x0000000002001054                NF_ShowSprite
                0x0000000002001074                NF_HflipSprite
                0x0000000002001090                NF_GetSpriteHflip
                0x00000000020010ac                NF_VflipSprite
                0x00000000020010c8                NF_GetSpriteVflip
                0x00000000020010e4                NF_SpriteFrame
                0x00000000020011b4                NF_EnableSpriteRotScale
                0x0000000002001248                NF_DisableSpriteRotScale
                0x00000000020012bc                NF_SpriteRotScale
 .text          0x00000000020013b4      0x4a0 C:/Users/jimmy/Desktop/Coding/NDS/ROMS/Mine/CHKNnfl/nflib/lib\libnflib.a(nf_basic.o)
                0x00000000020013b4                NF_Error
                0x0000000002001660                NF_SetRootFolder
                0x00000000020017b8                NF_DmaMemCopy
                0x0000000002001844                NF_GetLanguage
 .text          0x0000000002001854      0xa08 C:/Users/jimmy/Desktop/Coding/NDS/ROMS/Mine/CHKNnfl/nflib/lib\libnflib.a(nf_bitmapbg.o)
                0x0000000002001854                NF_Init16bitsBgBuffers
                0x0000000002001880                NF_Reset16bitsBgBuffers
                0x00000000020018c4                NF_Init16bitsBackBuffer
                0x00000000020018e0                NF_Enable16bitsBackBuffer
                0x000000000200191c                NF_Disble16bitsBackBuffer
                0x000000000200193c                NF_Flip16bitsBackBuffer
                0x0000000002001968                NF_InitBitmapBgSys
                0x0000000002001b48                NF_Load16bImgData
                0x0000000002001c64                NF_Load16bitsBg
                0x0000000002001c7c                NF_Load16bitsImage
                0x0000000002001c8c                NF_Unload16bitsBg
                0x0000000002001cc0                NF_Copy16bitsBuffer
                0x0000000002001d2c                NF_Draw16bitsImage
                0x0000000002001e58                NF_Init8bitsBgBuffers
                0x0000000002001e80                NF_Reset8bitsBgBuffers
                0x0000000002001ec0                NF_Load8bitsBg
                0x0000000002002054                NF_Unload8bitsBg
                0x000000000200209c                NF_Copy8bitsBuffer
                0x0000000002002158                NF_Init8bitsBackBuffer
                0x0000000002002178                NF_Enable8bitsBackBuffer
                0x00000000020021e0                NF_Disble8bitsBackBuffer
                0x000000000200220c                NF_Flip8bitsBackBuffer
 .text          0x000000000200225c      0x294 C:/Users/jimmy/Desktop/Coding/NDS/ROMS/Mine/CHKNnfl/nflib/lib\libnflib.a(nf_sound.o)
                0x000000000200225c                NF_InitRawSoundBuffers
                0x0000000002002288                NF_ResetRawSoundBuffers
                0x00000000020022c0                NF_LoadRawSound
                0x0000000002002400                NF_UnloadRawSound
                0x0000000002002470                NF_PlayRawSound
 .text          0x00000000020024f0     0x13b4 C:/Users/jimmy/Desktop/Coding/NDS/ROMS/Mine/CHKNnfl/nflib/lib\libnflib.a(nf_sprite256.o)
                0x00000000020024f0                NF_InitSpriteBuffers
                0x000000000200253c                NF_ResetSpriteBuffers
                0x0000000002002570                NF_InitSpriteSys
                0x0000000002002780                NF_LoadSpriteGfx
                0x0000000002002890                NF_UnloadSpriteGfx
                0x0000000002002900                NF_LoadSpritePal
                0x00000000020029fc                NF_UnloadSpritePal
                0x0000000002002a4c                NF_VramSpriteGfx
                0x0000000002002da4                NF_VramSpriteGfxDefrag
                0x0000000002002fa8                NF_FreeSpriteGfx
                0x00000000020030a8                NF_VramSpritePal
                0x000000000200317c                NF_CreateSprite
                0x000000000200351c                NF_DeleteSprite
                0x00000000020035bc                NF_SpriteOamSet
                0x0000000002003694                NF_SpriteSetPalColor
                0x000000000200372c                NF_SpriteEditPalColor
                0x00000000020037a8                NF_SpriteUpdatePalette
                0x0000000002003838                NF_SpriteGetPalColor
 *fill*         0x00000000020038a4       0x1c ff
 .text          0x00000000020038c0     0x4000 C:/devkitPro/libnds/lib\libnds9.a(dldi_stub.o)
                0x00000000020038c0                _io_dldi_stub
 .text          0x00000000020078c0      0x11c c:/devkitpro/devkitarm/bin/../lib/gcc/arm-none-eabi/12.1.0/thumb\libgcc.a(_udivsi3.o)
                0x00000000020078c0                __aeabi_uidiv
                0x00000000020078c0                __udivsi3
                0x00000000020079bc                __aeabi_uidivmod
 .text          0x00000000020079dc      0x150 c:/devkitpro/devkitarm/bin/../lib/gcc/arm-none-eabi/12.1.0/thumb\libgcc.a(_divsi3.o)
                0x00000000020079dc                __divsi3
                0x00000000020079dc                __aeabi_idiv
                0x0000000002007b0c                __aeabi_idivmod
 .text          0x0000000002007b2c        0x4 c:/devkitpro/devkitarm/bin/../lib/gcc/arm-none-eabi/12.1.0/thumb\libgcc.a(_dvmd_tls.o)
                0x0000000002007b2c                __aeabi_idiv0
                0x0000000002007b2c                __aeabi_ldiv0
 .text          0x0000000002007b30       0xd4 c:/devkitpro/devkitarm/bin/../lib/gcc/arm-none-eabi/12.1.0/thumb\libgcc.a(_aeabi_ldivmod.o)
                0x0000000002007b30                __aeabi_ldivmod
 .text          0x0000000002007c04       0x28 c:/devkitpro/devkitarm/bin/../lib/gcc/arm-none-eabi/12.1.0/thumb\libgcc.a(_clzdi2.o)
                0x0000000002007c04                __clzdi2
 .text          0x0000000002007c2c       0x48 c:/devkitpro/devkitarm/bin/../lib/gcc/arm-none-eabi/12.1.0/thumb\libgcc.a(_clzsi2.o)
                0x0000000002007c2c                __clzsi2
 .text          0x0000000002007c74      0x224 c:/devkitpro/devkitarm/bin/../lib/gcc/arm-none-eabi/12.1.0/../../../../arm-none-eabi/lib/thumb\libg.a(lib_a-strcmp.o)
                0x0000000002007c74                strcmp
 .text          0x0000000002007e98       0x14 c:/devkitpro/devkitarm/bin/../lib/gcc/arm-none-eabi/12.1.0/thumb\libgcc.a(_thumb1_case_uqi.o)
                0x0000000002007e98                __gnu_thumb1_case_uqi
 .text          0x0000000002007eac       0x14 c:/devkitpro/devkitarm/bin/../lib/gcc/arm-none-eabi/12.1.0/thumb\libgcc.a(_thumb1_case_uhi.o)
                0x0000000002007eac                __gnu_thumb1_case_uhi
 .text          0x0000000002007ec0      0x424 c:/devkitpro/devkitarm/bin/../lib/gcc/arm-none-eabi/12.1.0/thumb\libgcc.a(_arm_addsubdf3.o)
                0x0000000002007ec0                __aeabi_drsub
                0x0000000002007ec8                __aeabi_dsub
                0x0000000002007ec8                __subdf3
                0x0000000002007ecc                __aeabi_dadd
                0x0000000002007ecc                __adddf3
                0x00000000020081dc                __floatunsidf
                0x00000000020081dc                __aeabi_ui2d
                0x0000000002008200                __floatsidf
                0x0000000002008200                __aeabi_i2d
                0x0000000002008228                __aeabi_f2d
                0x0000000002008228                __extendsfdf2
                0x0000000002008270                __floatundidf
                0x0000000002008270                __aeabi_ul2d
                0x0000000002008284                __floatdidf
                0x0000000002008284                __aeabi_l2d
 .text          0x00000000020082e4      0x49c c:/devkitpro/devkitarm/bin/../lib/gcc/arm-none-eabi/12.1.0/thumb\libgcc.a(_arm_muldivdf3.o)
                0x00000000020082e4                __aeabi_dmul
                0x00000000020082e4                __muldf3
                0x0000000002008574                __divdf3
                0x0000000002008574                __aeabi_ddiv
 .text          0x0000000002008780      0x144 c:/devkitpro/devkitarm/bin/../lib/gcc/arm-none-eabi/12.1.0/thumb\libgcc.a(_arm_cmpdf2.o)
                0x0000000002008780                __gtdf2
                0x0000000002008780                __gedf2
                0x0000000002008788                __ltdf2
                0x0000000002008788                __ledf2
                0x0000000002008790                __nedf2
                0x0000000002008790                __eqdf2
                0x0000000002008790                __cmpdf2
                0x0000000002008818                __aeabi_cdrcmple
                0x0000000002008834                __aeabi_cdcmpeq
                0x0000000002008834                __aeabi_cdcmple
                0x000000000200884c                __aeabi_dcmpeq
                0x0000000002008864                __aeabi_dcmplt
                0x000000000200887c                __aeabi_dcmple
                0x0000000002008894                __aeabi_dcmpge
                0x00000000020088ac                __aeabi_dcmpgt
 .text          0x00000000020088c4       0x38 c:/devkitpro/devkitarm/bin/../lib/gcc/arm-none-eabi/12.1.0/thumb\libgcc.a(_arm_unorddf2.o)
                0x00000000020088c4                __unorddf2
                0x00000000020088c4                __aeabi_dcmpun
 .text          0x00000000020088fc       0x5c c:/devkitpro/devkitarm/bin/../lib/gcc/arm-none-eabi/12.1.0/thumb\libgcc.a(_arm_fixdfsi.o)
                0x00000000020088fc                __aeabi_d2iz
                0x00000000020088fc                __fixdfsi
 .text          0x0000000002008958       0x3c c:/devkitpro/devkitarm/bin/../lib/gcc/arm-none-eabi/12.1.0/thumb\libgcc.a(_aeabi_uldivmod.o)
                0x0000000002008958                __aeabi_uldivmod
 *(EXCLUDE_FILE(*.twl* *.vectors* *.itcm*) .stub)
 *(EXCLUDE_FILE(*.twl* *.vectors* *.itcm*) .text.*)
 .text.__do_global_dtors_aux
                0x0000000002008994       0x2c c:/devkitpro/devkitarm/bin/../lib/gcc/arm-none-eabi/12.1.0/thumb/crtbegin.o
 .text.frame_dummy
                0x00000000020089c0       0x24 c:/devkitpro/devkitarm/bin/../lib/gcc/arm-none-eabi/12.1.0/thumb/crtbegin.o
 .text.startup  0x00000000020089e4      0x2b8 main.o
                0x00000000020089e4                main
 .text.nitroFSDirClose
                0x0000000002008c9c        0x4 C:/devkitPro/libnds/lib\libfilesystem.a(nitrofs.o)
 .text.nitroFSSeek
                0x0000000002008ca0       0x78 C:/devkitPro/libnds/lib\libfilesystem.a(nitrofs.o)
 .text.nitroFSFstat
                0x0000000002008d18       0x10 C:/devkitPro/libnds/lib\libfilesystem.a(nitrofs.o)
 .text.nitroSubReadBlock
                0x0000000002008d28       0x54 C:/devkitPro/libnds/lib\libfilesystem.a(nitrofs.o)
 .text.nitroSubReadCard
                0x0000000002008d7c       0xb0 C:/devkitPro/libnds/lib\libfilesystem.a(nitrofs.o)
 .text.nitroFSClose
                0x0000000002008e2c        0x4 C:/devkitPro/libnds/lib\libfilesystem.a(nitrofs.o)
 .text.nitroDirReset
                0x0000000002008e30       0x9c C:/devkitPro/libnds/lib\libfilesystem.a(nitrofs.o)
 .text.nitroFSRead
                0x0000000002008ecc       0xbc C:/devkitPro/libnds/lib\libfilesystem.a(nitrofs.o)
 .text.nitroFSDirNext
                0x0000000002008f88      0x30c C:/devkitPro/libnds/lib\libfilesystem.a(nitrofs.o)
 .text.nitroFSDirOpen
                0x0000000002009294       0xe0 C:/devkitPro/libnds/lib\libfilesystem.a(nitrofs.o)
 .text.nitroFSChdir
                0x0000000002009374       0x30 C:/devkitPro/libnds/lib\libfilesystem.a(nitrofs.o)
 .text.nitroFSOpen
                0x00000000020093a4       0xc4 C:/devkitPro/libnds/lib\libfilesystem.a(nitrofs.o)
 .text.nitroFSstat
                0x0000000002009468       0x68 C:/devkitPro/libnds/lib\libfilesystem.a(nitrofs.o)
 .text.nitroFSInit
                0x00000000020094d0      0x12c C:/devkitPro/libnds/lib\libfilesystem.a(nitrofs.o)
                0x00000000020094d0                nitroFSInit
 .text.fatMount.part.0
                0x00000000020095fc       0xa0 C:/devkitPro/libnds/lib\libfat.a(libfat.o)
 .text.fatMount
                0x000000000200969c       0x3c C:/devkitPro/libnds/lib\libfat.a(libfat.o)
                0x000000000200969c                fatMount
 .text.fatInit  0x00000000020096d8      0x130 C:/devkitPro/libnds/lib\libfat.a(libfat.o)
                0x00000000020096d8                fatInit
 .text.fatInitDefault
                0x0000000002009808        0xc C:/devkitPro/libnds/lib\libfat.a(libfat.o)
                0x0000000002009808                fatInitDefault
 .text._FAT_check_position_for_next_cluster.part.0
                0x0000000002009814       0x68 C:/devkitPro/libnds/lib\libfat.a(fatfile.o)
 .text._FAT_syncToDisc.part.0
                0x000000000200987c       0xd4 C:/devkitPro/libnds/lib\libfat.a(fatfile.o)
 .text._FAT_file_extend_r
                0x0000000002009950      0x208 C:/devkitPro/libnds/lib\libfat.a(fatfile.o)
 .text._FAT_open_r
                0x0000000002009b58      0x2d4 C:/devkitPro/libnds/lib\libfat.a(fatfile.o)
                0x0000000002009b58                _FAT_open_r
 .text._FAT_close_r
                0x0000000002009e2c       0x74 C:/devkitPro/libnds/lib\libfat.a(fatfile.o)
                0x0000000002009e2c                _FAT_close_r
 .text._FAT_read_r
                0x0000000002009ea0      0x398 C:/devkitPro/libnds/lib\libfat.a(fatfile.o)
                0x0000000002009ea0                _FAT_read_r
 .text._FAT_write_r
                0x000000000200a238      0x53c C:/devkitPro/libnds/lib\libfat.a(fatfile.o)
                0x000000000200a238                _FAT_write_r
 .text._FAT_seek_r
                0x000000000200a774      0x194 C:/devkitPro/libnds/lib\libfat.a(fatfile.o)
                0x000000000200a774                _FAT_seek_r
 .text._FAT_fstat_r
                0x000000000200a908       0x8c C:/devkitPro/libnds/lib\libfat.a(fatfile.o)
                0x000000000200a908                _FAT_fstat_r
 .text._FAT_ftruncate_r
                0x000000000200a994      0x16c C:/devkitPro/libnds/lib\libfat.a(fatfile.o)
                0x000000000200a994                _FAT_ftruncate_r
 .text._FAT_fsync_r
                0x000000000200ab00       0x44 C:/devkitPro/libnds/lib\libfat.a(fatfile.o)
                0x000000000200ab00                _FAT_fsync_r
 .text._FAT_cache_getPage
                0x000000000200ab44       0xf0 C:/devkitPro/libnds/lib\libfat.a(cache.o)
 .text._FAT_cache_constructor
                0x000000000200ac34       0x90 C:/devkitPro/libnds/lib\libfat.a(cache.o)
                0x000000000200ac34                _FAT_cache_constructor
 .text._FAT_cache_readSectors
                0x000000000200acc4       0x60 C:/devkitPro/libnds/lib\libfat.a(cache.o)
                0x000000000200acc4                _FAT_cache_readSectors
 .text._FAT_cache_readPartialSector
                0x000000000200ad24       0x3c C:/devkitPro/libnds/lib\libfat.a(cache.o)
                0x000000000200ad24                _FAT_cache_readPartialSector
 .text._FAT_cache_readLittleEndianValue
                0x000000000200ad60       0x70 C:/devkitPro/libnds/lib\libfat.a(cache.o)
                0x000000000200ad60                _FAT_cache_readLittleEndianValue
 .text._FAT_cache_writePartialSector
                0x000000000200add0       0x4c C:/devkitPro/libnds/lib\libfat.a(cache.o)
                0x000000000200add0                _FAT_cache_writePartialSector
 .text._FAT_cache_writeLittleEndianValue
                0x000000000200ae1c       0x8c C:/devkitPro/libnds/lib\libfat.a(cache.o)
                0x000000000200ae1c                _FAT_cache_writeLittleEndianValue
 .text._FAT_cache_eraseWritePartialSector
                0x000000000200aea8       0x60 C:/devkitPro/libnds/lib\libfat.a(cache.o)
                0x000000000200aea8                _FAT_cache_eraseWritePartialSector
 .text._FAT_cache_writeSectors
                0x000000000200af08       0x80 C:/devkitPro/libnds/lib\libfat.a(cache.o)
                0x000000000200af08                _FAT_cache_writeSectors
 .text._FAT_cache_flush
                0x000000000200af88       0x40 C:/devkitPro/libnds/lib\libfat.a(cache.o)
                0x000000000200af88                _FAT_cache_flush
 .text._FAT_stat_r
                0x000000000200afc8       0x90 C:/devkitPro/libnds/lib\libfat.a(fatdir.o)
                0x000000000200afc8                _FAT_stat_r
 .text._FAT_link_r
                0x000000000200b058        0xc C:/devkitPro/libnds/lib\libfat.a(fatdir.o)
                0x000000000200b058                _FAT_link_r
 .text._FAT_unlink_r
                0x000000000200b064      0x184 C:/devkitPro/libnds/lib\libfat.a(fatdir.o)
                0x000000000200b064                _FAT_unlink_r
 .text._FAT_chdir_r
                0x000000000200b1e8       0x70 C:/devkitPro/libnds/lib\libfat.a(fatdir.o)
                0x000000000200b1e8                _FAT_chdir_r
 .text._FAT_rename_r
                0x000000000200b258      0x1c4 C:/devkitPro/libnds/lib\libfat.a(fatdir.o)
                0x000000000200b258                _FAT_rename_r
 .text._FAT_mkdir_r
                0x000000000200b41c      0x244 C:/devkitPro/libnds/lib\libfat.a(fatdir.o)
                0x000000000200b41c                _FAT_mkdir_r
 .text._FAT_statvfs_r
                0x000000000200b660       0x78 C:/devkitPro/libnds/lib\libfat.a(fatdir.o)
                0x000000000200b660                _FAT_statvfs_r
 .text._FAT_diropen_r
                0x000000000200b6d8       0xb0 C:/devkitPro/libnds/lib\libfat.a(fatdir.o)
                0x000000000200b6d8                _FAT_diropen_r
 .text._FAT_dirreset_r
                0x000000000200b788       0x4c C:/devkitPro/libnds/lib\libfat.a(fatdir.o)
                0x000000000200b788                _FAT_dirreset_r
 .text._FAT_dirnext_r
                0x000000000200b7d4       0x7c C:/devkitPro/libnds/lib\libfat.a(fatdir.o)
                0x000000000200b7d4                _FAT_dirnext_r
 .text._FAT_dirclose_r
                0x000000000200b850       0x20 C:/devkitPro/libnds/lib\libfat.a(fatdir.o)
                0x000000000200b850                _FAT_dirclose_r
 .text._FAT_directory_entryGetAlias
                0x000000000200b870       0xc8 C:/devkitPro/libnds/lib\libfat.a(directory.o)
 .text._FAT_directory_incrementDirEntryPosition
                0x000000000200b938       0x80 C:/devkitPro/libnds/lib\libfat.a(directory.o)
 .text._FAT_directory_mbsncasecmp
                0x000000000200b9b8       0xa8 C:/devkitPro/libnds/lib\libfat.a(directory.o)
 .text._FAT_directory_ucs2tombs.constprop.0
                0x000000000200ba60       0x90 C:/devkitPro/libnds/lib\libfat.a(directory.o)
 .text._FAT_directory_entryGetCluster
                0x000000000200baf0       0x20 C:/devkitPro/libnds/lib\libfat.a(directory.o)
                0x000000000200baf0                _FAT_directory_entryGetCluster
 .text._FAT_directory_getNextEntry
                0x000000000200bb10      0x23c C:/devkitPro/libnds/lib\libfat.a(directory.o)
                0x000000000200bb10                _FAT_directory_getNextEntry
 .text._FAT_directory_entryExists
                0x000000000200bd4c       0x80 C:/devkitPro/libnds/lib\libfat.a(directory.o)
 .text._FAT_directory_getFirstEntry
                0x000000000200bdcc       0x20 C:/devkitPro/libnds/lib\libfat.a(directory.o)
                0x000000000200bdcc                _FAT_directory_getFirstEntry
 .text._FAT_directory_getRootEntry
                0x000000000200bdec       0x60 C:/devkitPro/libnds/lib\libfat.a(directory.o)
                0x000000000200bdec                _FAT_directory_getRootEntry
 .text._FAT_directory_entryFromPosition
                0x000000000200be4c      0x150 C:/devkitPro/libnds/lib\libfat.a(directory.o)
                0x000000000200be4c                _FAT_directory_entryFromPosition
 .text._FAT_directory_entryFromPath
                0x000000000200bf9c      0x248 C:/devkitPro/libnds/lib\libfat.a(directory.o)
                0x000000000200bf9c                _FAT_directory_entryFromPath
 .text._FAT_directory_removeEntry
                0x000000000200c1e4       0xd8 C:/devkitPro/libnds/lib\libfat.a(directory.o)
                0x000000000200c1e4                _FAT_directory_removeEntry
 .text._FAT_directory_addEntry
                0x000000000200c2bc      0x808 C:/devkitPro/libnds/lib\libfat.a(directory.o)
                0x000000000200c2bc                _FAT_directory_addEntry
 .text._FAT_directory_chdir
                0x000000000200cac4       0x3c C:/devkitPro/libnds/lib\libfat.a(directory.o)
                0x000000000200cac4                _FAT_directory_chdir
 .text._FAT_directory_entryStat
                0x000000000200cb00       0xe4 C:/devkitPro/libnds/lib\libfat.a(directory.o)
                0x000000000200cb00                _FAT_directory_entryStat
 .text.isValidMBR
                0x000000000200cbe4       0x5c C:/devkitPro/libnds/lib\libfat.a(partition.o)
 .text._FAT_updateFS_INFO
                0x000000000200cc40       0x54 C:/devkitPro/libnds/lib\libfat.a(partition.o)
 .text.FindFirstValidPartition_buf.part.0
                0x000000000200cc94      0x11c C:/devkitPro/libnds/lib\libfat.a(partition.o)
 .text._FAT_partition_getPartitionFromPath
                0x000000000200cdb0       0x10 C:/devkitPro/libnds/lib\libfat.a(partition.o)
                0x000000000200cdb0                _FAT_partition_getPartitionFromPath
 .text._FAT_partition_createFSinfo
                0x000000000200cdc0       0x50 C:/devkitPro/libnds/lib\libfat.a(partition.o)
                0x000000000200cdc0                _FAT_partition_createFSinfo
 .text._FAT_partition_readFSinfo.part.0
                0x000000000200ce10       0x74 C:/devkitPro/libnds/lib\libfat.a(partition.o)
 .text._FAT_partition_constructor_buf
                0x000000000200ce84      0x2e8 C:/devkitPro/libnds/lib\libfat.a(partition.o)
                0x000000000200ce84                _FAT_partition_constructor_buf
 .text._FAT_partition_constructor
                0x000000000200d16c       0x40 C:/devkitPro/libnds/lib\libfat.a(partition.o)
                0x000000000200d16c                _FAT_partition_constructor
 .text._FAT_partition_readFSinfo
                0x000000000200d1ac       0x10 C:/devkitPro/libnds/lib\libfat.a(partition.o)
                0x000000000200d1ac                _FAT_partition_readFSinfo
 .text._FAT_lock_init
                0x000000000200d1bc        0x4 C:/devkitPro/libnds/lib\libfat.a(lock.o)
                0x000000000200d1bc                _FAT_lock_init
 .text._FAT_lock
                0x000000000200d1c0        0x4 C:/devkitPro/libnds/lib\libfat.a(lock.o)
                0x000000000200d1c0                _FAT_lock
 .text._FAT_unlock
                0x000000000200d1c4        0x4 C:/devkitPro/libnds/lib\libfat.a(lock.o)
                0x000000000200d1c4                _FAT_unlock
 .text._FAT_filetime_getTimeFromRTC
                0x000000000200d1c8       0x44 C:/devkitPro/libnds/lib\libfat.a(filetime.o)
                0x000000000200d1c8                _FAT_filetime_getTimeFromRTC
 .text._FAT_filetime_getDateFromRTC
                0x000000000200d20c       0x44 C:/devkitPro/libnds/lib\libfat.a(filetime.o)
                0x000000000200d20c                _FAT_filetime_getDateFromRTC
 .text._FAT_filetime_to_time_t
                0x000000000200d250       0x38 C:/devkitPro/libnds/lib\libfat.a(filetime.o)
                0x000000000200d250                _FAT_filetime_to_time_t
 .text._FAT_fat_writeFatEntry.part.0.isra.0
                0x000000000200d288      0x12c C:/devkitPro/libnds/lib\libfat.a(file_allocation_table.o)
 .text._FAT_fat_nextCluster
                0x000000000200d3b4      0x108 C:/devkitPro/libnds/lib\libfat.a(file_allocation_table.o)
                0x000000000200d3b4                _FAT_fat_nextCluster
 .text._FAT_fat_linkFreeCluster
                0x000000000200d4bc       0xac C:/devkitPro/libnds/lib\libfat.a(file_allocation_table.o)
                0x000000000200d4bc                _FAT_fat_linkFreeCluster
 .text._FAT_fat_linkFreeClusterCleared
                0x000000000200d568       0x68 C:/devkitPro/libnds/lib\libfat.a(file_allocation_table.o)
                0x000000000200d568                _FAT_fat_linkFreeClusterCleared
 .text._FAT_fat_clearLinks
                0x000000000200d5d0       0x7c C:/devkitPro/libnds/lib\libfat.a(file_allocation_table.o)
                0x000000000200d5d0                _FAT_fat_clearLinks
 .text._FAT_fat_trimChain
                0x000000000200d64c       0x80 C:/devkitPro/libnds/lib\libfat.a(file_allocation_table.o)
                0x000000000200d64c                _FAT_fat_trimChain
 .text._FAT_fat_lastCluster
                0x000000000200d6cc       0x34 C:/devkitPro/libnds/lib\libfat.a(file_allocation_table.o)
                0x000000000200d6cc                _FAT_fat_lastCluster
 .text._FAT_fat_freeClusterCount
                0x000000000200d700       0x2c C:/devkitPro/libnds/lib\libfat.a(file_allocation_table.o)
                0x000000000200d700                _FAT_fat_freeClusterCount
 .text.setBrightness
                0x000000000200d72c       0x40 C:/devkitPro/libnds/lib\libnds9.a(video.o)
                0x000000000200d72c                setBrightness
 .text.vramDefault
                0x000000000200d76c       0xd0 C:/devkitPro/libnds/lib\libnds9.a(video.o)
                0x000000000200d76c                vramDefault
 .text.newRow   0x000000000200d83c       0xa8 C:/devkitPro/libnds/lib\libnds9.a(console.o)
 .text.consolePrintChar
                0x000000000200d8e4       0xe0 C:/devkitPro/libnds/lib\libnds9.a(console.o)
                0x000000000200d8e4                consolePrintChar
 .text.con_write
                0x000000000200d9c4      0x36c C:/devkitPro/libnds/lib\libnds9.a(console.o)
                0x000000000200d9c4                con_write
 .text.consoleLoadFont
                0x000000000200dd30      0x2a0 C:/devkitPro/libnds/lib\libnds9.a(console.o)
                0x000000000200dd30                consoleLoadFont
 .text.consoleInit
                0x000000000200dfd0      0x18c C:/devkitPro/libnds/lib\libnds9.a(console.o)
                0x000000000200dfd0                consoleInit
 .text.consoleDemoInit
                0x000000000200e15c       0x40 C:/devkitPro/libnds/lib\libnds9.a(console.o)
                0x000000000200e15c                consoleDemoInit
 .text.consoleClear
                0x000000000200e19c       0x10 C:/devkitPro/libnds/lib\libnds9.a(console.o)
                0x000000000200e19c                consoleClear
 .text.soundPlaySample
                0x000000000200e1ac       0x68 C:/devkitPro/libnds/lib\libnds9.a(sound.o)
                0x000000000200e1ac                soundPlaySample
 .text.oamInit  0x000000000200e214      0x114 C:/devkitPro/libnds/lib\libnds9.a(sprite.o)
                0x000000000200e214                oamInit
 .text.oamGfxPtrToOffset
                0x000000000200e328       0x34 C:/devkitPro/libnds/lib\libnds9.a(sprite.o)
                0x000000000200e328                oamGfxPtrToOffset
 .text.oamSet   0x000000000200e35c      0x104 C:/devkitPro/libnds/lib\libnds9.a(sprite.o)
                0x000000000200e35c                oamSet
 .text.oamUpdate
                0x000000000200e460       0x60 C:/devkitPro/libnds/lib\libnds9.a(sprite.o)
                0x000000000200e460                oamUpdate
 .text.oamRotateScale
                0x000000000200e4c0       0x4c C:/devkitPro/libnds/lib\libnds9.a(sprite.o)
                0x000000000200e4c0                oamRotateScale
 .text.scanKeys
                0x000000000200e50c       0x8c C:/devkitPro/libnds/lib\libnds9.a(keys.o)
                0x000000000200e50c                scanKeys
 .text.keysHeld
                0x000000000200e598        0xc C:/devkitPro/libnds/lib\libnds9.a(keys.o)
                0x000000000200e598                keysHeld
 .text.dldiGetInternal
                0x000000000200e5a4       0x34 C:/devkitPro/libnds/lib\libnds9.a(dldi.o)
                0x000000000200e5a4                dldiGetInternal
 .text.get_io_dsisd
                0x000000000200e5d8       0x24 C:/devkitPro/libnds/lib\libnds9.a(dldi.o)
                0x000000000200e5d8                get_io_dsisd
 .text.__syscall_gettod_r
                0x000000000200e5fc       0x28 C:/devkitPro/libnds/lib\libnds9.a(initSystem.o)
                0x000000000200e5fc                __syscall_gettod_r
 .text.__syscall_exit
                0x000000000200e624        0x8 C:/devkitPro/libnds/lib\libnds9.a(initSystem.o)
                0x000000000200e624                __syscall_exit
 .text.initSystem
                0x000000000200e62c      0x180 C:/devkitPro/libnds/lib\libnds9.a(initSystem.o)
                0x000000000200e62c                initSystem
 .text.irqDummy
                0x000000000200e7ac        0x4 C:/devkitPro/libnds/lib\libnds9.a(interrupts.o)
                0x000000000200e7ac                irqDummy
 .text.irqSet   0x000000000200e7b0       0x6c C:/devkitPro/libnds/lib\libnds9.a(interrupts.o)
                0x000000000200e7b0                irqSet
 .text.irqInit  0x000000000200e81c       0x50 C:/devkitPro/libnds/lib\libnds9.a(interrupts.o)
                0x000000000200e81c                irqInit
 .text.irqEnable
                0x000000000200e86c       0x64 C:/devkitPro/libnds/lib\libnds9.a(interrupts.o)
                0x000000000200e86c                irqEnable
 .text.systemErrorExit
                0x000000000200e8d0        0x4 C:/devkitPro/libnds/lib\libnds9.a(libnds_exit.arm.o)
                0x000000000200e8d0                systemErrorExit
 .text.__libnds_exit
                0x000000000200e8d4       0x5c C:/devkitPro/libnds/lib\libnds9.a(libnds_exit.arm.o)
                0x000000000200e8d4                __libnds_exit
 .text.cardPolledTransfer
                0x000000000200e930       0x54 C:/devkitPro/libnds/lib\libnds9.a(card.o)
                0x000000000200e930                cardPolledTransfer
 .text.cardParamCommand
                0x000000000200e984       0x34 C:/devkitPro/libnds/lib\libnds9.a(card.o)
                0x000000000200e984                cardParamCommand
 .text.fifo_queueBlock
                0x000000000200e9b8       0x44 C:/devkitPro/libnds/lib\libnds9.a(fifosystem.o)
 .text.fifo_waitBlock
                0x000000000200e9fc       0x80 C:/devkitPro/libnds/lib\libnds9.a(fifosystem.o)
 .text.fifoInternalSend.part.0
                0x000000000200ea7c       0xd4 C:/devkitPro/libnds/lib\libnds9.a(fifosystem.o)
 .text.fifoInternalSendInterrupt
                0x000000000200eb50       0xb0 C:/devkitPro/libnds/lib\libnds9.a(fifosystem.o)
 .text.fifoSetValue32Handler
                0x000000000200ec00       0xd4 C:/devkitPro/libnds/lib\libnds9.a(fifosystem.o)
                0x000000000200ec00                fifoSetValue32Handler
 .text.fifoSendValue32
                0x000000000200ecd4       0x4c C:/devkitPro/libnds/lib\libnds9.a(fifosystem.o)
                0x000000000200ecd4                fifoSendValue32
 .text.fifoSendDatamsg
                0x000000000200ed20       0x90 C:/devkitPro/libnds/lib\libnds9.a(fifosystem.o)
                0x000000000200ed20                fifoSendDatamsg
 .text.fifoGetValue32
                0x000000000200edb0       0x70 C:/devkitPro/libnds/lib\libnds9.a(fifosystem.o)
                0x000000000200edb0                fifoGetValue32
 .text.fifoGetDatamsg
                0x000000000200ee20       0xf4 C:/devkitPro/libnds/lib\libnds9.a(fifosystem.o)
                0x000000000200ee20                fifoGetDatamsg
 .text.fifoInternalRecvInterrupt
                0x000000000200ef14      0x37c C:/devkitPro/libnds/lib\libnds9.a(fifosystem.o)
 .text.fifoSetDatamsgHandler
                0x000000000200f290       0x9c C:/devkitPro/libnds/lib\libnds9.a(fifosystem.o)
                0x000000000200f290                fifoSetDatamsgHandler
 .text.fifoCheckValue32
                0x000000000200f32c       0x24 C:/devkitPro/libnds/lib\libnds9.a(fifosystem.o)
                0x000000000200f32c                fifoCheckValue32
 .text.fifoInit
                0x000000000200f350      0x108 C:/devkitPro/libnds/lib\libnds9.a(fifosystem.o)
                0x000000000200f350                fifoInit
 .text.DC_FlushRange
                0x000000000200f458       0x24 C:/devkitPro/libnds/lib\libnds9.a(dcache.o)
                0x000000000200f458                DC_FlushRange
 .text.DC_InvalidateRange
                0x000000000200f47c       0x2c C:/devkitPro/libnds/lib\libnds9.a(dcache.o)
                0x000000000200f47c                DC_InvalidateRange
 .text.__libnds_mpu_setup
                0x000000000200f4a8      0x174 C:/devkitPro/libnds/lib\libnds9.a(mpu_setup.o)
                0x000000000200f4a8                __libnds_mpu_setup
 .text.memUncached
                0x000000000200f61c       0x20 C:/devkitPro/libnds/lib\libnds9.a(mpu_setup.o)
                0x000000000200f61c                memUncached
 .text.swiWaitForVBlank
                0x000000000200f63c        0x8 C:/devkitPro/libnds/lib\libnds9.a(IntrWait.o)
                0x000000000200f63c                swiWaitForVBlank
 .text.swiIntrWait
                0x000000000200f644       0x70 C:/devkitPro/libnds/lib\libnds9.a(IntrWait.o)
                0x000000000200f644                swiIntrWait
 .text.setCpuClock
                0x000000000200f6b4       0x50 C:/devkitPro/libnds/lib\libnds9.a(cpu_clock.o)
                0x000000000200f6b4                setCpuClock
 .text.swiDelay
                0x000000000200f704        0x4 C:/devkitPro/libnds/lib\libnds9.a(biosCalls.o)
                0x000000000200f704                swiDelay
 .text.swiSoftReset
                0x000000000200f708       0x2c C:/devkitPro/libnds/lib\libnds9.a(swiSoftReset.o)
                0x000000000200f708                swiSoftReset
 .text.checkIfText
                0x000000000200f734       0x5c C:/devkitPro/libnds/lib\libnds9.a(background.o)
                0x000000000200f734                checkIfText
 .text.bgUpdate
                0x000000000200f790       0xf4 C:/devkitPro/libnds/lib\libnds9.a(background.o)
                0x000000000200f790                bgUpdate
 .text.bgInit_call
                0x000000000200f884       0xc4 C:/devkitPro/libnds/lib\libnds9.a(background.o)
                0x000000000200f884                bgInit_call
 .text.bgInitSub_call
                0x000000000200f948       0xcc C:/devkitPro/libnds/lib\libnds9.a(background.o)
                0x000000000200f948                bgInitSub_call
 .text.sinLutLookup
                0x000000000200fa14       0x4c C:/devkitPro/libnds/lib\libnds9.a(trig.o)
                0x000000000200fa14                sinLutLookup
 .text.sinLerp  0x000000000200fa60       0x40 C:/devkitPro/libnds/lib\libnds9.a(trig.o)
                0x000000000200fa60                sinLerp
 .text.cosLerp  0x000000000200faa0       0x4c C:/devkitPro/libnds/lib\libnds9.a(trig.o)
                0x000000000200faa0                cosLerp
 .text.oamAllocReset
                0x000000000200faec       0x1c C:/devkitPro/libnds/lib\libnds9.a(sprite_alloc.o)
                0x000000000200faec                oamAllocReset
 .text.systemValueHandler
                0x000000000200fb08       0x48 C:/devkitPro/libnds/lib\libnds9.a(system.o)
                0x000000000200fb08                systemValueHandler
 .text.systemMsgHandler
                0x000000000200fb50       0x60 C:/devkitPro/libnds/lib\libnds9.a(system.o)
                0x000000000200fb50                systemMsgHandler
 .text.powerOn  0x000000000200fbb0       0x2c C:/devkitPro/libnds/lib\libnds9.a(system.o)
                0x000000000200fbb0                powerOn
 .text.__muldi3
                0x000000000200fbdc       0x64 c:/devkitpro/devkitarm/bin/../lib/gcc/arm-none-eabi/12.1.0/thumb\libgcc.a(_muldi3.o)
                0x000000000200fbdc                __muldi3
                0x000000000200fbdc                __aeabi_lmul
 .text.__udivmoddi4
                0x000000000200fc40      0x19c c:/devkitpro/devkitarm/bin/../lib/gcc/arm-none-eabi/12.1.0/thumb\libgcc.a(_udivmoddi4.o)
                0x000000000200fc40                __udivmoddi4
 .text.calloc   0x000000000200fddc       0x18 c:/devkitpro/devkitarm/bin/../lib/gcc/arm-none-eabi/12.1.0/../../../../arm-none-eabi/lib/thumb\libg.a(lib_a-calloc.o)
                0x000000000200fddc                calloc
 .text._calloc_r
                0x000000000200fdf4       0xb8 c:/devkitpro/devkitarm/bin/../lib/gcc/arm-none-eabi/12.1.0/../../../../arm-none-eabi/lib/thumb\libg.a(lib_a-callocr.o)
                0x000000000200fdf4                _calloc_r
 .text.__errno  0x000000000200feac        0xc c:/devkitpro/devkitarm/bin/../lib/gcc/arm-none-eabi/12.1.0/../../../../arm-none-eabi/lib/thumb\libg.a(lib_a-errno.o)
                0x000000000200feac                __errno
 .text._fclose_r
                0x000000000200feb8       0xe4 c:/devkitpro/devkitarm/bin/../lib/gcc/arm-none-eabi/12.1.0/../../../../arm-none-eabi/lib/thumb\libg.a(lib_a-fclose.o)
                0x000000000200feb8                _fclose_r
 .text.fclose   0x000000000200ff9c       0x14 c:/devkitpro/devkitarm/bin/../lib/gcc/arm-none-eabi/12.1.0/../../../../arm-none-eabi/lib/thumb\libg.a(lib_a-fclose.o)
                0x000000000200ff9c                fclose
 .text.__sflush_r
                0x000000000200ffb0      0x18c c:/devkitpro/devkitarm/bin/../lib/gcc/arm-none-eabi/12.1.0/../../../../arm-none-eabi/lib/thumb\libg.a(lib_a-fflush.o)
                0x000000000200ffb0                __sflush_r
 .text._fflush_r
                0x000000000201013c       0x70 c:/devkitpro/devkitarm/bin/../lib/gcc/arm-none-eabi/12.1.0/../../../../arm-none-eabi/lib/thumb\libg.a(lib_a-fflush.o)
                0x000000000201013c                _fflush_r
 .text.fflush   0x00000000020101ac       0x2c c:/devkitpro/devkitarm/bin/../lib/gcc/arm-none-eabi/12.1.0/../../../../arm-none-eabi/lib/thumb\libg.a(lib_a-fflush.o)
                0x00000000020101ac                fflush
 .text._cleanup_r
                0x00000000020101d8       0x14 c:/devkitpro/devkitarm/bin/../lib/gcc/arm-none-eabi/12.1.0/../../../../arm-none-eabi/lib/thumb\libg.a(lib_a-findfp.o)
                0x00000000020101d8                _cleanup_r
 .text.__sinit  0x00000000020101ec      0x124 c:/devkitpro/devkitarm/bin/../lib/gcc/arm-none-eabi/12.1.0/../../../../arm-none-eabi/lib/thumb\libg.a(lib_a-findfp.o)
                0x00000000020101ec                __sinit
 .text.__sfp    0x0000000002010310       0xd4 c:/devkitpro/devkitarm/bin/../lib/gcc/arm-none-eabi/12.1.0/../../../../arm-none-eabi/lib/thumb\libg.a(lib_a-findfp.o)
                0x0000000002010310                __sfp
 .text.__sfp_lock_acquire
                0x00000000020103e4       0x14 c:/devkitpro/devkitarm/bin/../lib/gcc/arm-none-eabi/12.1.0/../../../../arm-none-eabi/lib/thumb\libg.a(lib_a-findfp.o)
                0x00000000020103e4                __sfp_lock_acquire
 .text.__sfp_lock_release
                0x00000000020103f8       0x14 c:/devkitpro/devkitarm/bin/../lib/gcc/arm-none-eabi/12.1.0/../../../../arm-none-eabi/lib/thumb\libg.a(lib_a-findfp.o)
                0x00000000020103f8                __sfp_lock_release
 .text._fopen_r
                0x000000000201040c       0xbc c:/devkitpro/devkitarm/bin/../lib/gcc/arm-none-eabi/12.1.0/../../../../arm-none-eabi/lib/thumb\libg.a(lib_a-fopen.o)
                0x000000000201040c                _fopen_r
 .text.fopen    0x00000000020104c8       0x18 c:/devkitpro/devkitarm/bin/../lib/gcc/arm-none-eabi/12.1.0/../../../../arm-none-eabi/lib/thumb\libg.a(lib_a-fopen.o)
                0x00000000020104c8                fopen
 .text._fread_r
                0x00000000020104e0      0x1e4 c:/devkitpro/devkitarm/bin/../lib/gcc/arm-none-eabi/12.1.0/../../../../arm-none-eabi/lib/thumb\libg.a(lib_a-fread.o)
                0x00000000020104e0                _fread_r
 .text.fread    0x00000000020106c4       0x24 c:/devkitpro/devkitarm/bin/../lib/gcc/arm-none-eabi/12.1.0/../../../../arm-none-eabi/lib/thumb\libg.a(lib_a-fread.o)
                0x00000000020106c4                fread
 .text._malloc_trim_r
                0x00000000020106e8       0xac c:/devkitpro/devkitarm/bin/../lib/gcc/arm-none-eabi/12.1.0/../../../../arm-none-eabi/lib/thumb\libg.a(lib_a-freer.o)
                0x00000000020106e8                _malloc_trim_r
 .text._free_r  0x0000000002010794      0x1d8 c:/devkitpro/devkitarm/bin/../lib/gcc/arm-none-eabi/12.1.0/../../../../arm-none-eabi/lib/thumb\libg.a(lib_a-freer.o)
                0x0000000002010794                _free_r
 .text._fseek_r
                0x000000000201096c       0x18 c:/devkitpro/devkitarm/bin/../lib/gcc/arm-none-eabi/12.1.0/../../../../arm-none-eabi/lib/thumb\libg.a(lib_a-fseek.o)
                0x000000000201096c                _fseek_r
 .text.fseek    0x0000000002010984       0x24 c:/devkitpro/devkitarm/bin/../lib/gcc/arm-none-eabi/12.1.0/../../../../arm-none-eabi/lib/thumb\libg.a(lib_a-fseek.o)
                0x0000000002010984                fseek
 .text._fseeko_r
                0x00000000020109a8      0x410 c:/devkitpro/devkitarm/bin/../lib/gcc/arm-none-eabi/12.1.0/../../../../arm-none-eabi/lib/thumb\libg.a(lib_a-fseeko.o)
                0x00000000020109a8                _fseeko_r
 .text.ftell    0x0000000002010db8       0x24 c:/devkitpro/devkitarm/bin/../lib/gcc/arm-none-eabi/12.1.0/../../../../arm-none-eabi/lib/thumb\libg.a(lib_a-ftell.o)
                0x0000000002010db8                ftell
 .text._ftello_r
                0x0000000002010ddc      0x11c c:/devkitpro/devkitarm/bin/../lib/gcc/arm-none-eabi/12.1.0/../../../../arm-none-eabi/lib/thumb\libg.a(lib_a-ftello.o)
                0x0000000002010ddc                _ftello_r
 .text._fwalk   0x0000000002010ef8       0x48 c:/devkitpro/devkitarm/bin/../lib/gcc/arm-none-eabi/12.1.0/../../../../arm-none-eabi/lib/thumb\libg.a(lib_a-fwalk.o)
                0x0000000002010ef8                _fwalk
 .text._fwalk_reent
                0x0000000002010f40       0x50 c:/devkitpro/devkitarm/bin/../lib/gcc/arm-none-eabi/12.1.0/../../../../arm-none-eabi/lib/thumb\libg.a(lib_a-fwalk.o)
                0x0000000002010f40                _fwalk_reent
 .text.__libc_init_array
                0x0000000002010f90       0x54 c:/devkitpro/devkitarm/bin/../lib/gcc/arm-none-eabi/12.1.0/../../../../arm-none-eabi/lib/thumb\libg.a(lib_a-init.o)
                0x0000000002010f90                __libc_init_array
 .text.iprintf  0x0000000002010fe4       0x24 c:/devkitpro/devkitarm/bin/../lib/gcc/arm-none-eabi/12.1.0/../../../../arm-none-eabi/lib/thumb\libg.a(lib_a-iprintf.o)
                0x0000000002010fe4                iprintf
 .text.localtime_r
                0x0000000002011008      0x228 c:/devkitpro/devkitarm/bin/../lib/gcc/arm-none-eabi/12.1.0/../../../../arm-none-eabi/lib/thumb\libg.a(lib_a-lcltime_r.o)
                0x0000000002011008                localtime_r
 .text.__locale_mb_cur_max
                0x0000000002011230       0x10 c:/devkitpro/devkitarm/bin/../lib/gcc/arm-none-eabi/12.1.0/../../../../arm-none-eabi/lib/thumb\libg.a(lib_a-locale.o)
                0x0000000002011230                __locale_mb_cur_max
 .text.__smakebuf_r
                0x0000000002011240       0xf0 c:/devkitpro/devkitarm/bin/../lib/gcc/arm-none-eabi/12.1.0/../../../../arm-none-eabi/lib/thumb\libg.a(lib_a-makebuf.o)
                0x0000000002011240                __smakebuf_r
 .text.__swhatbuf_r
                0x0000000002011330       0x5c c:/devkitpro/devkitarm/bin/../lib/gcc/arm-none-eabi/12.1.0/../../../../arm-none-eabi/lib/thumb\libg.a(lib_a-makebuf.o)
                0x0000000002011330                __swhatbuf_r
 .text.malloc   0x000000000201138c       0x14 c:/devkitpro/devkitarm/bin/../lib/gcc/arm-none-eabi/12.1.0/../../../../arm-none-eabi/lib/thumb\libg.a(lib_a-malloc.o)
                0x000000000201138c                malloc
 .text.free     0x00000000020113a0       0x14 c:/devkitpro/devkitarm/bin/../lib/gcc/arm-none-eabi/12.1.0/../../../../arm-none-eabi/lib/thumb\libg.a(lib_a-malloc.o)
                0x00000000020113a0                free
 .text._malloc_r
                0x00000000020113b4      0x560 c:/devkitpro/devkitarm/bin/../lib/gcc/arm-none-eabi/12.1.0/../../../../arm-none-eabi/lib/thumb\libg.a(lib_a-mallocr.o)
                0x00000000020113b4                _malloc_r
 .text._mbrtowc_r
                0x0000000002011914       0x60 c:/devkitpro/devkitarm/bin/../lib/gcc/arm-none-eabi/12.1.0/../../../../arm-none-eabi/lib/thumb\libg.a(lib_a-mbrtowc.o)
                0x0000000002011914                _mbrtowc_r
 .text.mbrtowc  0x0000000002011974       0x7c c:/devkitpro/devkitarm/bin/../lib/gcc/arm-none-eabi/12.1.0/../../../../arm-none-eabi/lib/thumb\libg.a(lib_a-mbrtowc.o)
                0x0000000002011974                mbrtowc
 .text.mbsrtowcs
                0x00000000020119f0       0x28 c:/devkitpro/devkitarm/bin/../lib/gcc/arm-none-eabi/12.1.0/../../../../arm-none-eabi/lib/thumb\libg.a(lib_a-mbsrtowcs.o)
                0x00000000020119f0                mbsrtowcs
 .text.__utf8_mbtowc
                0x0000000002011a18      0x27c c:/devkitpro/devkitarm/bin/../lib/gcc/arm-none-eabi/12.1.0/../../../../arm-none-eabi/lib/thumb\libg.a(lib_a-mbtowc_r.o)
                0x0000000002011a18                __utf8_mbtowc
 .text.memcmp   0x0000000002011c94       0x48 c:/devkitpro/devkitarm/bin/../lib/gcc/arm-none-eabi/12.1.0/../../../../arm-none-eabi/lib/thumb\libg.a(lib_a-memcmp.o)
                0x0000000002011c94                memcmp
 .text.memcpy   0x0000000002011cdc       0x94 c:/devkitpro/devkitarm/bin/../lib/gcc/arm-none-eabi/12.1.0/../../../../arm-none-eabi/lib/thumb\libg.a(lib_a-memcpy-stub.o)
                0x0000000002011cdc                memcpy
 .text.memmove  0x0000000002011d70       0xc0 c:/devkitpro/devkitarm/bin/../lib/gcc/arm-none-eabi/12.1.0/../../../../arm-none-eabi/lib/thumb\libg.a(lib_a-memmove.o)
                0x0000000002011d70                memmove
 .text.memset   0x0000000002011e30       0xb0 c:/devkitpro/devkitarm/bin/../lib/gcc/arm-none-eabi/12.1.0/../../../../arm-none-eabi/lib/thumb\libg.a(lib_a-memset.o)
                0x0000000002011e30                memset
 .text.validate_structure
                0x0000000002011ee0      0x1d4 c:/devkitpro/devkitarm/bin/../lib/gcc/arm-none-eabi/12.1.0/../../../../arm-none-eabi/lib/thumb\libg.a(lib_a-mktime.o)
 .text.mktime   0x00000000020120b4      0x434 c:/devkitpro/devkitarm/bin/../lib/gcc/arm-none-eabi/12.1.0/../../../../arm-none-eabi/lib/thumb\libg.a(lib_a-mktime.o)
                0x00000000020120b4                mktime
 .text.__malloc_lock
                0x00000000020124e8       0x14 c:/devkitpro/devkitarm/bin/../lib/gcc/arm-none-eabi/12.1.0/../../../../arm-none-eabi/lib/thumb\libg.a(lib_a-mlock.o)
                0x00000000020124e8                __malloc_lock
 .text.__malloc_unlock
                0x00000000020124fc       0x14 c:/devkitpro/devkitarm/bin/../lib/gcc/arm-none-eabi/12.1.0/../../../../arm-none-eabi/lib/thumb\libg.a(lib_a-mlock.o)
                0x00000000020124fc                __malloc_unlock
 .text.srand    0x0000000002012510       0x18 c:/devkitpro/devkitarm/bin/../lib/gcc/arm-none-eabi/12.1.0/../../../../arm-none-eabi/lib/thumb\libg.a(lib_a-rand.o)
                0x0000000002012510                srand
 .text.rand     0x0000000002012528       0x34 c:/devkitpro/devkitarm/bin/../lib/gcc/arm-none-eabi/12.1.0/../../../../arm-none-eabi/lib/thumb\libg.a(lib_a-rand.o)
                0x0000000002012528                rand
 .text.realloc  0x000000000201255c       0x18 c:/devkitpro/devkitarm/bin/../lib/gcc/arm-none-eabi/12.1.0/../../../../arm-none-eabi/lib/thumb\libg.a(lib_a-realloc.o)
                0x000000000201255c                realloc
 .text._realloc_r
                0x0000000002012574      0x384 c:/devkitpro/devkitarm/bin/../lib/gcc/arm-none-eabi/12.1.0/../../../../arm-none-eabi/lib/thumb\libg.a(lib_a-reallocr.o)
                0x0000000002012574                _realloc_r
 .text.lflush   0x00000000020128f8       0x20 c:/devkitpro/devkitarm/bin/../lib/gcc/arm-none-eabi/12.1.0/../../../../arm-none-eabi/lib/thumb\libg.a(lib_a-refill.o)
 .text.__srefill_r
                0x0000000002012918      0x108 c:/devkitpro/devkitarm/bin/../lib/gcc/arm-none-eabi/12.1.0/../../../../arm-none-eabi/lib/thumb\libg.a(lib_a-refill.o)
                0x0000000002012918                __srefill_r
 .text.rewind   0x0000000002012a20       0x20 c:/devkitpro/devkitarm/bin/../lib/gcc/arm-none-eabi/12.1.0/../../../../arm-none-eabi/lib/thumb\libg.a(lib_a-rewind.o)
                0x0000000002012a20                rewind
 .text.setvbuf  0x0000000002012a40      0x19c c:/devkitpro/devkitarm/bin/../lib/gcc/arm-none-eabi/12.1.0/../../../../arm-none-eabi/lib/thumb\libg.a(lib_a-setvbuf.o)
                0x0000000002012a40                setvbuf
 .text.siscanf  0x0000000002012bdc       0x4c c:/devkitpro/devkitarm/bin/../lib/gcc/arm-none-eabi/12.1.0/../../../../arm-none-eabi/lib/thumb\libg.a(lib_a-siscanf.o)
                0x0000000002012bdc                siscanf
 .text.sprintf  0x0000000002012c28       0x40 c:/devkitpro/devkitarm/bin/../lib/gcc/arm-none-eabi/12.1.0/../../../../arm-none-eabi/lib/thumb\libg.a(lib_a-sprintf.o)
                0x0000000002012c28                sprintf
 .text.__sread  0x0000000002012c68       0x34 c:/devkitpro/devkitarm/bin/../lib/gcc/arm-none-eabi/12.1.0/../../../../arm-none-eabi/lib/thumb\libg.a(lib_a-stdio.o)
                0x0000000002012c68                __sread
 .text.__seofread
                0x0000000002012c9c        0x4 c:/devkitpro/devkitarm/bin/../lib/gcc/arm-none-eabi/12.1.0/../../../../arm-none-eabi/lib/thumb\libg.a(lib_a-stdio.o)
                0x0000000002012c9c                __seofread
 .text.__swrite
                0x0000000002012ca0       0x4c c:/devkitpro/devkitarm/bin/../lib/gcc/arm-none-eabi/12.1.0/../../../../arm-none-eabi/lib/thumb\libg.a(lib_a-stdio.o)
                0x0000000002012ca0                __swrite
 .text.__sseek  0x0000000002012cec       0x44 c:/devkitpro/devkitarm/bin/../lib/gcc/arm-none-eabi/12.1.0/../../../../arm-none-eabi/lib/thumb\libg.a(lib_a-stdio.o)
                0x0000000002012cec                __sseek
 .text.__sclose
                0x0000000002012d30       0x10 c:/devkitpro/devkitarm/bin/../lib/gcc/arm-none-eabi/12.1.0/../../../../arm-none-eabi/lib/thumb\libg.a(lib_a-stdio.o)
                0x0000000002012d30                __sclose
 .text.stpcpy   0x0000000002012d40       0x48 c:/devkitpro/devkitarm/bin/../lib/gcc/arm-none-eabi/12.1.0/../../../../arm-none-eabi/lib/thumb\libg.a(lib_a-stpcpy.o)
                0x0000000002012d40                stpcpy
 .text.strcasecmp
                0x0000000002012d88       0x48 c:/devkitpro/devkitarm/bin/../lib/gcc/arm-none-eabi/12.1.0/../../../../arm-none-eabi/lib/thumb\libg.a(lib_a-strcasecmp.o)
                0x0000000002012d88                strcasecmp
 .text.strchr   0x0000000002012dd0       0xc8 c:/devkitpro/devkitarm/bin/../lib/gcc/arm-none-eabi/12.1.0/../../../../arm-none-eabi/lib/thumb\libg.a(lib_a-strchr.o)
                0x0000000002012dd0                strchr
 .text.strcpy   0x0000000002012e98       0x10 c:/devkitpro/devkitarm/bin/../lib/gcc/arm-none-eabi/12.1.0/../../../../arm-none-eabi/lib/thumb\libg.a(lib_a-strcpy.o)
                0x0000000002012e98                strcpy
 .text.strdup   0x0000000002012ea8       0x14 c:/devkitpro/devkitarm/bin/../lib/gcc/arm-none-eabi/12.1.0/../../../../arm-none-eabi/lib/thumb\libg.a(lib_a-strdup.o)
                0x0000000002012ea8                strdup
 .text._strdup_r
                0x0000000002012ebc       0x2c c:/devkitpro/devkitarm/bin/../lib/gcc/arm-none-eabi/12.1.0/../../../../arm-none-eabi/lib/thumb\libg.a(lib_a-strdup_r.o)
                0x0000000002012ebc                _strdup_r
 .text.strlen   0x0000000002012ee8       0x60 c:/devkitpro/devkitarm/bin/../lib/gcc/arm-none-eabi/12.1.0/../../../../arm-none-eabi/lib/thumb\libg.a(lib_a-strlen-stub.o)
                0x0000000002012ee8                strlen
 .text.strncasecmp
                0x0000000002012f48       0x54 c:/devkitpro/devkitarm/bin/../lib/gcc/arm-none-eabi/12.1.0/../../../../arm-none-eabi/lib/thumb\libg.a(lib_a-strncasecmp.o)
                0x0000000002012f48                strncasecmp
 .text.strncmp  0x0000000002012f9c       0x78 c:/devkitpro/devkitarm/bin/../lib/gcc/arm-none-eabi/12.1.0/../../../../arm-none-eabi/lib/thumb\libg.a(lib_a-strncmp.o)
                0x0000000002012f9c                strncmp
 .text.strncpy  0x0000000002013014       0x68 c:/devkitpro/devkitarm/bin/../lib/gcc/arm-none-eabi/12.1.0/../../../../arm-none-eabi/lib/thumb\libg.a(lib_a-strncpy.o)
                0x0000000002013014                strncpy
 .text.strnlen  0x000000000201307c       0x28 c:/devkitpro/devkitarm/bin/../lib/gcc/arm-none-eabi/12.1.0/../../../../arm-none-eabi/lib/thumb\libg.a(lib_a-strnlen.o)
                0x000000000201307c                strnlen
 .text.strpbrk  0x00000000020130a4       0x4c c:/devkitpro/devkitarm/bin/../lib/gcc/arm-none-eabi/12.1.0/../../../../arm-none-eabi/lib/thumb\libg.a(lib_a-strpbrk.o)
                0x00000000020130a4                strpbrk
 .text.strrchr  0x00000000020130f0       0x30 c:/devkitpro/devkitarm/bin/../lib/gcc/arm-none-eabi/12.1.0/../../../../arm-none-eabi/lib/thumb\libg.a(lib_a-strrchr.o)
                0x00000000020130f0                strrchr
 .text._strtol_l.part.0
                0x0000000002013120      0x144 c:/devkitpro/devkitarm/bin/../lib/gcc/arm-none-eabi/12.1.0/../../../../arm-none-eabi/lib/thumb\libg.a(lib_a-strtol.o)
 .text._strtol_r
                0x0000000002013264       0x20 c:/devkitpro/devkitarm/bin/../lib/gcc/arm-none-eabi/12.1.0/../../../../arm-none-eabi/lib/thumb\libg.a(lib_a-strtol.o)
                0x0000000002013264                _strtol_r
 .text.get_arg  0x0000000002013284       0x32 c:/devkitpro/devkitarm/bin/../lib/gcc/arm-none-eabi/12.1.0/../../../../arm-none-eabi/lib/thumb\libg.a(lib_a-svfiscanf.o)
 .text._sungetc_r
                0x00000000020132b6       0x7e c:/devkitpro/devkitarm/bin/../lib/gcc/arm-none-eabi/12.1.0/../../../../arm-none-eabi/lib/thumb\libg.a(lib_a-svfiscanf.o)
                0x00000000020132b6                _sungetc_r
 .text.__ssrefill_r
                0x0000000002013334       0x42 c:/devkitpro/devkitarm/bin/../lib/gcc/arm-none-eabi/12.1.0/../../../../arm-none-eabi/lib/thumb\libg.a(lib_a-svfiscanf.o)
                0x0000000002013334                __ssrefill_r
 .text._sfread_r
                0x0000000002013376       0x88 c:/devkitpro/devkitarm/bin/../lib/gcc/arm-none-eabi/12.1.0/../../../../arm-none-eabi/lib/thumb\libg.a(lib_a-svfiscanf.o)
                0x0000000002013376                _sfread_r
 *fill*         0x00000000020133fe        0x2 ff
 .text.__ssvfiscanf_r
                0x0000000002013400     0x1ae0 c:/devkitpro/devkitarm/bin/../lib/gcc/arm-none-eabi/12.1.0/../../../../arm-none-eabi/lib/thumb\libg.a(lib_a-svfiscanf.o)
                0x0000000002013400                __ssvfiscanf_r
 .text.get_arg  0x0000000002014ee0      0x42c c:/devkitpro/devkitarm/bin/../lib/gcc/arm-none-eabi/12.1.0/../../../../arm-none-eabi/lib/thumb\libg.a(lib_a-svfprintf.o)
 .text._svfprintf_r
                0x000000000201530c     0x22fc c:/devkitpro/devkitarm/bin/../lib/gcc/arm-none-eabi/12.1.0/../../../../arm-none-eabi/lib/thumb\libg.a(lib_a-svfprintf.o)
                0x000000000201530c                _svfprintf_r
 .text.lseek    0x0000000002017608       0x24 c:/devkitpro/devkitarm/bin/../lib/gcc/arm-none-eabi/12.1.0/../../../../arm-none-eabi/lib/thumb\libg.a(lib_a-syslseek.o)
                0x0000000002017608                lseek
 .text.open     0x000000000201762c       0x28 c:/devkitpro/devkitarm/bin/../lib/gcc/arm-none-eabi/12.1.0/../../../../arm-none-eabi/lib/thumb\libg.a(lib_a-sysopen.o)
                0x000000000201762c                open
 .text.read     0x0000000002017654       0x1c c:/devkitpro/devkitarm/bin/../lib/gcc/arm-none-eabi/12.1.0/../../../../arm-none-eabi/lib/thumb\libg.a(lib_a-sysread.o)
                0x0000000002017654                read
 .text.time     0x0000000002017670       0x34 c:/devkitpro/devkitarm/bin/../lib/gcc/arm-none-eabi/12.1.0/../../../../arm-none-eabi/lib/thumb\libg.a(lib_a-time.o)
                0x0000000002017670                time
 .text.towlower
                0x00000000020176a4       0x10 c:/devkitpro/devkitarm/bin/../lib/gcc/arm-none-eabi/12.1.0/../../../../arm-none-eabi/lib/thumb\libg.a(lib_a-towlower.o)
                0x00000000020176a4                towlower
 .text.towupper
                0x00000000020176b4       0x10 c:/devkitpro/devkitarm/bin/../lib/gcc/arm-none-eabi/12.1.0/../../../../arm-none-eabi/lib/thumb\libg.a(lib_a-towupper.o)
                0x00000000020176b4                towupper
 .text.__tzcalc_limits
                0x00000000020176c4      0x1b0 c:/devkitpro/devkitarm/bin/../lib/gcc/arm-none-eabi/12.1.0/../../../../arm-none-eabi/lib/thumb\libg.a(lib_a-tzcalc_limits.o)
                0x00000000020176c4                __tzcalc_limits
 .text.__tz_lock
                0x0000000002017874       0x14 c:/devkitpro/devkitarm/bin/../lib/gcc/arm-none-eabi/12.1.0/../../../../arm-none-eabi/lib/thumb\libg.a(lib_a-tzlock.o)
                0x0000000002017874                __tz_lock
 .text.__tz_unlock
                0x0000000002017888       0x14 c:/devkitpro/devkitarm/bin/../lib/gcc/arm-none-eabi/12.1.0/../../../../arm-none-eabi/lib/thumb\libg.a(lib_a-tzlock.o)
                0x0000000002017888                __tz_unlock
 .text._tzset_unlocked
                0x000000000201789c       0x10 c:/devkitpro/devkitarm/bin/../lib/gcc/arm-none-eabi/12.1.0/../../../../arm-none-eabi/lib/thumb\libg.a(lib_a-tzset.o)
                0x000000000201789c                _tzset_unlocked
 .text._tzset_unlocked_r
                0x00000000020178ac      0x360 c:/devkitpro/devkitarm/bin/../lib/gcc/arm-none-eabi/12.1.0/../../../../arm-none-eabi/lib/thumb\libg.a(lib_a-tzset_r.o)
                0x00000000020178ac                _tzset_unlocked_r
 .text.__submore
                0x0000000002017c0c       0x88 c:/devkitpro/devkitarm/bin/../lib/gcc/arm-none-eabi/12.1.0/../../../../arm-none-eabi/lib/thumb\libg.a(lib_a-ungetc.o)
                0x0000000002017c0c                __submore
 .text.get_arg  0x0000000002017c94      0x42c c:/devkitpro/devkitarm/bin/../lib/gcc/arm-none-eabi/12.1.0/../../../../arm-none-eabi/lib/thumb\libg.a(lib_a-vfiprintf.o)
 .text.__sprint_r
                0x00000000020180c0       0x24 c:/devkitpro/devkitarm/bin/../lib/gcc/arm-none-eabi/12.1.0/../../../../arm-none-eabi/lib/thumb\libg.a(lib_a-vfiprintf.o)
                0x00000000020180c0                __sprint_r
 .text._vfiprintf_r
                0x00000000020180e4     0x173c c:/devkitpro/devkitarm/bin/../lib/gcc/arm-none-eabi/12.1.0/../../../../arm-none-eabi/lib/thumb\libg.a(lib_a-vfiprintf.o)
                0x00000000020180e4                _vfiprintf_r
 .text.__sbprintf
                0x0000000002019820       0x8c c:/devkitpro/devkitarm/bin/../lib/gcc/arm-none-eabi/12.1.0/../../../../arm-none-eabi/lib/thumb\libg.a(lib_a-vfiprintf.o)
 .text._wcrtomb_r
                0x00000000020198ac       0x5c c:/devkitpro/devkitarm/bin/../lib/gcc/arm-none-eabi/12.1.0/../../../../arm-none-eabi/lib/thumb\libg.a(lib_a-wcrtomb.o)
                0x00000000020198ac                _wcrtomb_r
 .text.wcrtomb  0x0000000002019908       0x74 c:/devkitpro/devkitarm/bin/../lib/gcc/arm-none-eabi/12.1.0/../../../../arm-none-eabi/lib/thumb\libg.a(lib_a-wcrtomb.o)
                0x0000000002019908                wcrtomb
 .text._wcsrtombs_r
                0x000000000201997c       0x1c c:/devkitpro/devkitarm/bin/../lib/gcc/arm-none-eabi/12.1.0/../../../../arm-none-eabi/lib/thumb\libg.a(lib_a-wcsrtombs.o)
                0x000000000201997c                _wcsrtombs_r
 .text.wctob    0x0000000002019998       0x48 c:/devkitpro/devkitarm/bin/../lib/gcc/arm-none-eabi/12.1.0/../../../../arm-none-eabi/lib/thumb\libg.a(lib_a-wctob.o)
                0x0000000002019998                wctob
 .text.__utf8_wctomb
                0x00000000020199e0       0xb4 c:/devkitpro/devkitarm/bin/../lib/gcc/arm-none-eabi/12.1.0/../../../../arm-none-eabi/lib/thumb\libg.a(lib_a-wctomb_r.o)
                0x00000000020199e0                __utf8_wctomb
 .text.__swsetup_r
                0x0000000002019a94       0xd0 c:/devkitpro/devkitarm/bin/../lib/gcc/arm-none-eabi/12.1.0/../../../../arm-none-eabi/lib/thumb\libg.a(lib_a-wsetup.o)
                0x0000000002019a94                __swsetup_r
 .text.div      0x0000000002019b64       0x18 c:/devkitpro/devkitarm/bin/../lib/gcc/arm-none-eabi/12.1.0/../../../../arm-none-eabi/lib/thumb\libg.a(lib_a-div.o)
                0x0000000002019b64                div
 .text.quorem   0x0000000002019b7c      0x158 c:/devkitpro/devkitarm/bin/../lib/gcc/arm-none-eabi/12.1.0/../../../../arm-none-eabi/lib/thumb\libg.a(lib_a-dtoa.o)
 .text._dtoa_r  0x0000000002019cd4      0xfcc c:/devkitpro/devkitarm/bin/../lib/gcc/arm-none-eabi/12.1.0/../../../../arm-none-eabi/lib/thumb\libg.a(lib_a-dtoa.o)
                0x0000000002019cd4                _dtoa_r
 .text.__sflags
                0x000000000201aca0       0xa4 c:/devkitpro/devkitarm/bin/../lib/gcc/arm-none-eabi/12.1.0/../../../../arm-none-eabi/lib/thumb\libg.a(lib_a-flags.o)
                0x000000000201aca0                __sflags
 .text.__sfvwrite_r
                0x000000000201ad44      0x334 c:/devkitpro/devkitarm/bin/../lib/gcc/arm-none-eabi/12.1.0/../../../../arm-none-eabi/lib/thumb\libg.a(lib_a-fvwrite.o)
                0x000000000201ad44                __sfvwrite_r
 .text._findenv_r
                0x000000000201b078       0x94 c:/devkitpro/devkitarm/bin/../lib/gcc/arm-none-eabi/12.1.0/../../../../arm-none-eabi/lib/thumb\libg.a(lib_a-getenv_r.o)
                0x000000000201b078                _findenv_r
 .text._getenv_r
                0x000000000201b10c       0x10 c:/devkitpro/devkitarm/bin/../lib/gcc/arm-none-eabi/12.1.0/../../../../arm-none-eabi/lib/thumb\libg.a(lib_a-getenv_r.o)
                0x000000000201b10c                _getenv_r
 .text.__gettzinfo
                0x000000000201b11c        0x8 c:/devkitpro/devkitarm/bin/../lib/gcc/arm-none-eabi/12.1.0/../../../../arm-none-eabi/lib/thumb\libg.a(lib_a-gettzinfo.o)
                0x000000000201b11c                __gettzinfo
 .text.gmtime_r
                0x000000000201b124      0x1c0 c:/devkitpro/devkitarm/bin/../lib/gcc/arm-none-eabi/12.1.0/../../../../arm-none-eabi/lib/thumb\libg.a(lib_a-gmtime_r.o)
                0x000000000201b124                gmtime_r
 .text.iswspace
                0x000000000201b2e4       0x10 c:/devkitpro/devkitarm/bin/../lib/gcc/arm-none-eabi/12.1.0/../../../../arm-none-eabi/lib/thumb\libg.a(lib_a-iswspace.o)
                0x000000000201b2e4                iswspace
 .text._localeconv_r
                0x000000000201b2f4        0x8 c:/devkitpro/devkitarm/bin/../lib/gcc/arm-none-eabi/12.1.0/../../../../arm-none-eabi/lib/thumb\libg.a(lib_a-localeconv.o)
                0x000000000201b2f4                _localeconv_r
 .text._mbsnrtowcs_r
                0x000000000201b2fc       0xb8 c:/devkitpro/devkitarm/bin/../lib/gcc/arm-none-eabi/12.1.0/../../../../arm-none-eabi/lib/thumb\libg.a(lib_a-mbsnrtowcs.o)
                0x000000000201b2fc                _mbsnrtowcs_r
 .text.memchr   0x000000000201b3b4       0x78 c:/devkitpro/devkitarm/bin/../lib/gcc/arm-none-eabi/12.1.0/../../../../arm-none-eabi/lib/thumb\libg.a(lib_a-memchr-stub.o)
                0x000000000201b3b4                memchr
 .text._Balloc  0x000000000201b42c       0x54 c:/devkitpro/devkitarm/bin/../lib/gcc/arm-none-eabi/12.1.0/../../../../arm-none-eabi/lib/thumb\libg.a(lib_a-mprec.o)
                0x000000000201b42c                _Balloc
 .text._Bfree   0x000000000201b480       0x14 c:/devkitpro/devkitarm/bin/../lib/gcc/arm-none-eabi/12.1.0/../../../../arm-none-eabi/lib/thumb\libg.a(lib_a-mprec.o)
                0x000000000201b480                _Bfree
 .text.__multadd
                0x000000000201b494       0xac c:/devkitpro/devkitarm/bin/../lib/gcc/arm-none-eabi/12.1.0/../../../../arm-none-eabi/lib/thumb\libg.a(lib_a-mprec.o)
                0x000000000201b494                __multadd
 .text.__hi0bits
                0x000000000201b540       0x4c c:/devkitpro/devkitarm/bin/../lib/gcc/arm-none-eabi/12.1.0/../../../../arm-none-eabi/lib/thumb\libg.a(lib_a-mprec.o)
                0x000000000201b540                __hi0bits
 .text.__lo0bits
                0x000000000201b58c       0x5c c:/devkitpro/devkitarm/bin/../lib/gcc/arm-none-eabi/12.1.0/../../../../arm-none-eabi/lib/thumb\libg.a(lib_a-mprec.o)
                0x000000000201b58c                __lo0bits
 .text.__i2b    0x000000000201b5e8       0x64 c:/devkitpro/devkitarm/bin/../lib/gcc/arm-none-eabi/12.1.0/../../../../arm-none-eabi/lib/thumb\libg.a(lib_a-mprec.o)
                0x000000000201b5e8                __i2b
 .text.__multiply
                0x000000000201b64c      0x1b4 c:/devkitpro/devkitarm/bin/../lib/gcc/arm-none-eabi/12.1.0/../../../../arm-none-eabi/lib/thumb\libg.a(lib_a-mprec.o)
                0x000000000201b64c                __multiply
 .text.__pow5mult
                0x000000000201b800       0xd4 c:/devkitpro/devkitarm/bin/../lib/gcc/arm-none-eabi/12.1.0/../../../../arm-none-eabi/lib/thumb\libg.a(lib_a-mprec.o)
                0x000000000201b800                __pow5mult
 .text.__lshift
                0x000000000201b8d4      0x100 c:/devkitpro/devkitarm/bin/../lib/gcc/arm-none-eabi/12.1.0/../../../../arm-none-eabi/lib/thumb\libg.a(lib_a-mprec.o)
                0x000000000201b8d4                __lshift
 .text.__mcmp   0x000000000201b9d4       0x40 c:/devkitpro/devkitarm/bin/../lib/gcc/arm-none-eabi/12.1.0/../../../../arm-none-eabi/lib/thumb\libg.a(lib_a-mprec.o)
                0x000000000201b9d4                __mcmp
 .text.__mdiff  0x000000000201ba14      0x1a8 c:/devkitpro/devkitarm/bin/../lib/gcc/arm-none-eabi/12.1.0/../../../../arm-none-eabi/lib/thumb\libg.a(lib_a-mprec.o)
                0x000000000201ba14                __mdiff
 .text.__d2b    0x000000000201bbbc       0xd0 c:/devkitpro/devkitarm/bin/../lib/gcc/arm-none-eabi/12.1.0/../../../../arm-none-eabi/lib/thumb\libg.a(lib_a-mprec.o)
                0x000000000201bbbc                __d2b
 .text.__sccl   0x000000000201bc8c       0x90 c:/devkitpro/devkitarm/bin/../lib/gcc/arm-none-eabi/12.1.0/../../../../arm-none-eabi/lib/thumb\libg.a(lib_a-sccl.o)
                0x000000000201bc8c                __sccl
 .text.frexp    0x000000000201bd1c       0x6c c:/devkitpro/devkitarm/bin/../lib/gcc/arm-none-eabi/12.1.0/../../../../arm-none-eabi/lib/thumb\libg.a(lib_a-s_frexp.o)
                0x000000000201bd1c                frexp
 .text._strtoll_l.constprop.0
                0x000000000201bd88      0x1a0 c:/devkitpro/devkitarm/bin/../lib/gcc/arm-none-eabi/12.1.0/../../../../arm-none-eabi/lib/thumb\libg.a(lib_a-strtoll.o)
 .text._strtoll_r
                0x000000000201bf28        0xc c:/devkitpro/devkitarm/bin/../lib/gcc/arm-none-eabi/12.1.0/../../../../arm-none-eabi/lib/thumb\libg.a(lib_a-strtoll.o)
                0x000000000201bf28                _strtoll_r
 .text._strtoull_l.constprop.0
                0x000000000201bf34      0x1bc c:/devkitpro/devkitarm/bin/../lib/gcc/arm-none-eabi/12.1.0/../../../../arm-none-eabi/lib/thumb\libg.a(lib_a-strtoull.o)
 .text._strtoull_r
                0x000000000201c0f0        0xc c:/devkitpro/devkitarm/bin/../lib/gcc/arm-none-eabi/12.1.0/../../../../arm-none-eabi/lib/thumb\libg.a(lib_a-strtoull.o)
                0x000000000201c0f0                _strtoull_r
 .text._strtoul_l.constprop.0
                0x000000000201c0fc      0x144 c:/devkitpro/devkitarm/bin/../lib/gcc/arm-none-eabi/12.1.0/../../../../arm-none-eabi/lib/thumb\libg.a(lib_a-strtoul.o)
 .text._strtoul_r
                0x000000000201c240        0xc c:/devkitpro/devkitarm/bin/../lib/gcc/arm-none-eabi/12.1.0/../../../../arm-none-eabi/lib/thumb\libg.a(lib_a-strtoul.o)
                0x000000000201c240                _strtoul_r
 .text.strtoul  0x000000000201c24c       0x1c c:/devkitpro/devkitarm/bin/../lib/gcc/arm-none-eabi/12.1.0/../../../../arm-none-eabi/lib/thumb\libg.a(lib_a-strtoul.o)
                0x000000000201c24c                strtoul
 .text.__ssprint_r
                0x000000000201c268      0x120 c:/devkitpro/devkitarm/bin/../lib/gcc/arm-none-eabi/12.1.0/../../../../arm-none-eabi/lib/thumb\libg.a(lib_a-svfiprintf.o)
                0x000000000201c268                __ssprint_r
 .text.towctrans
                0x000000000201c388       0x28 c:/devkitpro/devkitarm/bin/../lib/gcc/arm-none-eabi/12.1.0/../../../../arm-none-eabi/lib/thumb\libg.a(lib_a-towctrans.o)
                0x000000000201c388                towctrans
 .text._wcsnrtombs_l
                0x000000000201c3b0      0x11c c:/devkitpro/devkitarm/bin/../lib/gcc/arm-none-eabi/12.1.0/../../../../arm-none-eabi/lib/thumb\libg.a(lib_a-wcsnrtombs.o)
                0x000000000201c3b0                _wcsnrtombs_l
 .text._wcsnrtombs_r
                0x000000000201c4cc       0x30 c:/devkitpro/devkitarm/bin/../lib/gcc/arm-none-eabi/12.1.0/../../../../arm-none-eabi/lib/thumb\libg.a(lib_a-wcsnrtombs.o)
                0x000000000201c4cc                _wcsnrtombs_r
 .text.__assert_func
                0x000000000201c4fc       0x40 c:/devkitpro/devkitarm/bin/../lib/gcc/arm-none-eabi/12.1.0/../../../../arm-none-eabi/lib/thumb\libg.a(lib_a-assert.o)
                0x000000000201c4fc                __assert_func
 .text.__env_lock
                0x000000000201c53c       0x14 c:/devkitpro/devkitarm/bin/../lib/gcc/arm-none-eabi/12.1.0/../../../../arm-none-eabi/lib/thumb\libg.a(lib_a-envlock.o)
                0x000000000201c53c                __env_lock
 .text.__env_unlock
                0x000000000201c550       0x14 c:/devkitpro/devkitarm/bin/../lib/gcc/arm-none-eabi/12.1.0/../../../../arm-none-eabi/lib/thumb\libg.a(lib_a-envlock.o)
                0x000000000201c550                __env_unlock
 .text.fiprintf
                0x000000000201c564       0x28 c:/devkitpro/devkitarm/bin/../lib/gcc/arm-none-eabi/12.1.0/../../../../arm-none-eabi/lib/thumb\libg.a(lib_a-fiprintf.o)
                0x000000000201c564                fiprintf
 .text.iswspace_l
                0x000000000201c58c       0x2c c:/devkitpro/devkitarm/bin/../lib/gcc/arm-none-eabi/12.1.0/../../../../arm-none-eabi/lib/thumb\libg.a(lib_a-iswspace_l.o)
                0x000000000201c58c                iswspace_l
 .text.__jp2uc  0x000000000201c5b8      0x14c c:/devkitpro/devkitarm/bin/../lib/gcc/arm-none-eabi/12.1.0/../../../../arm-none-eabi/lib/thumb\libg.a(lib_a-jp2uc.o)
 .text._jp2uc_l
                0x000000000201c704       0x6c c:/devkitpro/devkitarm/bin/../lib/gcc/arm-none-eabi/12.1.0/../../../../arm-none-eabi/lib/thumb\libg.a(lib_a-jp2uc.o)
                0x000000000201c704                _jp2uc_l
 .text._uc2jp_l
                0x000000000201c770       0x4c c:/devkitpro/devkitarm/bin/../lib/gcc/arm-none-eabi/12.1.0/../../../../arm-none-eabi/lib/thumb\libg.a(lib_a-jp2uc.o)
                0x000000000201c770                _uc2jp_l
 .text.towctrans_l
                0x000000000201c7bc      0x1b4 c:/devkitpro/devkitarm/bin/../lib/gcc/arm-none-eabi/12.1.0/../../../../arm-none-eabi/lib/thumb\libg.a(lib_a-towctrans_l.o)
                0x000000000201c7bc                towctrans_l
 .text.abort    0x000000000201c970       0x10 c:/devkitpro/devkitarm/bin/../lib/gcc/arm-none-eabi/12.1.0/../../../../arm-none-eabi/lib/thumb\libg.a(lib_a-abort.o)
                0x000000000201c970                abort
 .text.category
                0x000000000201c980       0x54 c:/devkitpro/devkitarm/bin/../lib/gcc/arm-none-eabi/12.1.0/../../../../arm-none-eabi/lib/thumb\libg.a(lib_a-categories.o)
                0x000000000201c980                category
 .text._raise_r
                0x000000000201c9d4       0x60 c:/devkitpro/devkitarm/bin/../lib/gcc/arm-none-eabi/12.1.0/../../../../arm-none-eabi/lib/thumb\libg.a(lib_a-signal.o)
                0x000000000201c9d4                _raise_r
 .text.raise    0x000000000201ca34       0x14 c:/devkitpro/devkitarm/bin/../lib/gcc/arm-none-eabi/12.1.0/../../../../arm-none-eabi/lib/thumb\libg.a(lib_a-signal.o)
                0x000000000201ca34                raise
 .text.null_write
                0x000000000201ca48        0x4 c:/devkitpro/devkitarm/bin/../lib/gcc/arm-none-eabi/12.1.0/../../../../arm-none-eabi/lib/thumb\libsysbase.a(iosupport.o)
 .text.setDefaultDevice
                0x000000000201ca4c       0x10 c:/devkitpro/devkitarm/bin/../lib/gcc/arm-none-eabi/12.1.0/../../../../arm-none-eabi/lib/thumb\libsysbase.a(iosupport.o)
                0x000000000201ca4c                setDefaultDevice
 .text.FindDevice
                0x000000000201ca5c       0x98 c:/devkitpro/devkitarm/bin/../lib/gcc/arm-none-eabi/12.1.0/../../../../arm-none-eabi/lib/thumb\libsysbase.a(iosupport.o)
                0x000000000201ca5c                FindDevice
 .text.AddDevice
                0x000000000201caf4       0x78 c:/devkitpro/devkitarm/bin/../lib/gcc/arm-none-eabi/12.1.0/../../../../arm-none-eabi/lib/thumb\libsysbase.a(iosupport.o)
                0x000000000201caf4                AddDevice
 .text.GetDeviceOpTab
                0x000000000201cb6c       0x20 c:/devkitpro/devkitarm/bin/../lib/gcc/arm-none-eabi/12.1.0/../../../../arm-none-eabi/lib/thumb\libsysbase.a(iosupport.o)
                0x000000000201cb6c                GetDeviceOpTab
 .text._fstat_r
                0x000000000201cb8c       0x4c c:/devkitpro/devkitarm/bin/../lib/gcc/arm-none-eabi/12.1.0/../../../../arm-none-eabi/lib/thumb\libsysbase.a(fstat.o)
                0x000000000201cb8c                _fstat_r
 .text._getpid_r
                0x000000000201cbd8        0xc c:/devkitpro/devkitarm/bin/../lib/gcc/arm-none-eabi/12.1.0/../../../../arm-none-eabi/lib/thumb\libsysbase.a(getpid.o)
                0x000000000201cbd8                _getpid_r
 .text._gettimeofday_r
                0x000000000201cbe4       0x20 c:/devkitpro/devkitarm/bin/../lib/gcc/arm-none-eabi/12.1.0/../../../../arm-none-eabi/lib/thumb\libsysbase.a(gettod.o)
                0x000000000201cbe4                _gettimeofday_r
 .text._isatty_r
                0x000000000201cc04        0x4 c:/devkitpro/devkitarm/bin/../lib/gcc/arm-none-eabi/12.1.0/../../../../arm-none-eabi/lib/thumb\libsysbase.a(isatty.o)
                0x000000000201cc04                _isatty_r
 .text._kill_r  0x000000000201cc08        0xc c:/devkitpro/devkitarm/bin/../lib/gcc/arm-none-eabi/12.1.0/../../../../arm-none-eabi/lib/thumb\libsysbase.a(kill.o)
                0x000000000201cc08                _kill_r
 .text._lseek_r
                0x000000000201cc14       0x5c c:/devkitpro/devkitarm/bin/../lib/gcc/arm-none-eabi/12.1.0/../../../../arm-none-eabi/lib/thumb\libsysbase.a(lseek.o)
                0x000000000201cc14                _lseek_r
 .text._open_r  0x000000000201cc70       0x98 c:/devkitpro/devkitarm/bin/../lib/gcc/arm-none-eabi/12.1.0/../../../../arm-none-eabi/lib/thumb\libsysbase.a(open.o)
                0x000000000201cc70                _open_r
 .text._read_r  0x000000000201cd08       0x50 c:/devkitpro/devkitarm/bin/../lib/gcc/arm-none-eabi/12.1.0/../../../../arm-none-eabi/lib/thumb\libsysbase.a(read.o)
                0x000000000201cd08                _read_r
 .text._sbrk_r  0x000000000201cd58       0x54 c:/devkitpro/devkitarm/bin/../lib/gcc/arm-none-eabi/12.1.0/../../../../arm-none-eabi/lib/thumb\libsysbase.a(sbrk.o)
                0x000000000201cd58                _sbrk_r
 .text._write_r
                0x000000000201cdac       0x50 c:/devkitpro/devkitarm/bin/../lib/gcc/arm-none-eabi/12.1.0/../../../../arm-none-eabi/lib/thumb\libsysbase.a(write.o)
                0x000000000201cdac                _write_r
 .text._exit    0x000000000201cdfc       0x14 c:/devkitpro/devkitarm/bin/../lib/gcc/arm-none-eabi/12.1.0/../../../../arm-none-eabi/lib/thumb\libsysbase.a(_exit.o)
                0x000000000201cdfc                _exit
 .text._concatenate_path
                0x000000000201ce10      0x120 c:/devkitpro/devkitarm/bin/../lib/gcc/arm-none-eabi/12.1.0/../../../../arm-none-eabi/lib/thumb\libsysbase.a(chdir.o)
                0x000000000201ce10                _concatenate_path
 .text.chdir    0x000000000201cf30       0xe4 c:/devkitpro/devkitarm/bin/../lib/gcc/arm-none-eabi/12.1.0/../../../../arm-none-eabi/lib/thumb\libsysbase.a(chdir.o)
                0x000000000201cf30                chdir
 .text.getcwd   0x000000000201d014       0x5c c:/devkitpro/devkitarm/bin/../lib/gcc/arm-none-eabi/12.1.0/../../../../arm-none-eabi/lib/thumb\libsysbase.a(chdir.o)
                0x000000000201d014                getcwd
 .text.build_argv
                0x000000000201d070       0x4c c:/devkitpro/devkitarm/bin/../lib/gcc/arm-none-eabi/12.1.0/../../../../arm-none-eabi/lib/thumb\libsysbase.a(build_argv.o)
                0x000000000201d070                build_argv
 .text.__flockfile
                0x000000000201d0bc       0x10 c:/devkitpro/devkitarm/bin/../lib/gcc/arm-none-eabi/12.1.0/../../../../arm-none-eabi/lib/thumb\libsysbase.a(flock.o)
                0x000000000201d0bc                __flockfile
 .text.__funlockfile
                0x000000000201d0cc       0x10 c:/devkitpro/devkitarm/bin/../lib/gcc/arm-none-eabi/12.1.0/../../../../arm-none-eabi/lib/thumb\libsysbase.a(flock.o)
                0x000000000201d0cc                __funlockfile
 .text.__release_handle
                0x000000000201d0dc       0x68 c:/devkitpro/devkitarm/bin/../lib/gcc/arm-none-eabi/12.1.0/../../../../arm-none-eabi/lib/thumb\libsysbase.a(handle_manager.o)
                0x000000000201d0dc                __release_handle
 .text.__alloc_handle
                0x000000000201d144       0x7c c:/devkitpro/devkitarm/bin/../lib/gcc/arm-none-eabi/12.1.0/../../../../arm-none-eabi/lib/thumb\libsysbase.a(handle_manager.o)
                0x000000000201d144                __alloc_handle
 .text.__get_handle
                0x000000000201d1c0       0x34 c:/devkitpro/devkitarm/bin/../lib/gcc/arm-none-eabi/12.1.0/../../../../arm-none-eabi/lib/thumb\libsysbase.a(handle_manager.o)
                0x000000000201d1c0                __get_handle
 .text._close_r
                0x000000000201d1f4       0xb8 c:/devkitpro/devkitarm/bin/../lib/gcc/arm-none-eabi/12.1.0/../../../../arm-none-eabi/lib/thumb\libsysbase.a(handle_manager.o)
                0x000000000201d1f4                _close_r
 .text.__getreent
                0x000000000201d2ac       0x20 c:/devkitpro/devkitarm/bin/../lib/gcc/arm-none-eabi/12.1.0/../../../../arm-none-eabi/lib/thumb\libsysbase.a(getreent.o)
                0x000000000201d2ac                __getreent
 .text.__libc_lock_acquire
                0x000000000201d2cc       0x18 c:/devkitpro/devkitarm/bin/../lib/gcc/arm-none-eabi/12.1.0/../../../../arm-none-eabi/lib/thumb\libsysbase.a(syscall_support.o)
                0x000000000201d2cc                __libc_lock_acquire
 .text.__libc_lock_release
                0x000000000201d2e4       0x18 c:/devkitpro/devkitarm/bin/../lib/gcc/arm-none-eabi/12.1.0/../../../../arm-none-eabi/lib/thumb\libsysbase.a(syscall_support.o)
                0x000000000201d2e4                __libc_lock_release
 .text.__libc_lock_init_recursive
                0x000000000201d2fc       0x18 c:/devkitpro/devkitarm/bin/../lib/gcc/arm-none-eabi/12.1.0/../../../../arm-none-eabi/lib/thumb\libsysbase.a(syscall_support.o)
                0x000000000201d2fc                __libc_lock_init_recursive
 .text.__libc_lock_acquire_recursive
                0x000000000201d314       0x18 c:/devkitpro/devkitarm/bin/../lib/gcc/arm-none-eabi/12.1.0/../../../../arm-none-eabi/lib/thumb\libsysbase.a(syscall_support.o)
                0x000000000201d314                __libc_lock_acquire_recursive
 .text.__libc_lock_release_recursive
                0x000000000201d32c       0x18 c:/devkitpro/devkitarm/bin/../lib/gcc/arm-none-eabi/12.1.0/../../../../arm-none-eabi/lib/thumb\libsysbase.a(syscall_support.o)
                0x000000000201d32c                __libc_lock_release_recursive
 .text.__libc_lock_close_recursive
                0x000000000201d344       0x18 c:/devkitpro/devkitarm/bin/../lib/gcc/arm-none-eabi/12.1.0/../../../../arm-none-eabi/lib/thumb\libsysbase.a(syscall_support.o)
                0x000000000201d344                __libc_lock_close_recursive
 *fill*         0x000000000201d35c        0x4 ff
 .text.__libc_lock_close_recursive.__stub
                0x000000000201d360      0x110 linker stubs
 *(EXCLUDE_FILE(*.twl*) .gnu.warning)
 *(EXCLUDE_FILE(*.twl*) .gnu.linkonce.t*)
 *(.glue_7)
 .glue_7        0x000000000201d480        0x0 linker stubs
 *(.glue_7t)
 .glue_7t       0x000000000201d480        0x0 linker stubs
                0x000000000201d480                . = ALIGN (0x4)

.vfp11_veneer   0x000000000201d480        0x0
 .vfp11_veneer  0x000000000201d480        0x0 linker stubs

.v4_bx          0x000000000201d480        0x0
 .v4_bx         0x000000000201d480        0x0 linker stubs

.iplt           0x000000000201d480        0x0
 .iplt          0x000000000201d480        0x0 c:/devkitpro/devkitarm/bin/../lib/gcc/arm-none-eabi/12.1.0/../../../../arm-none-eabi/lib/thumb/ds_arm9_crt0.o

.fini           0x000000000201d480        0xc
 *(.fini)
 .fini          0x000000000201d480        0x4 c:/devkitpro/devkitarm/bin/../lib/gcc/arm-none-eabi/12.1.0/thumb/crti.o
                0x000000000201d480                _fini
 .fini          0x000000000201d484        0x8 c:/devkitpro/devkitarm/bin/../lib/gcc/arm-none-eabi/12.1.0/thumb/crtn.o
                0x000000000201d48c                __text_end = .

.rodata         0x000000000201d490     0x9cc4
 *(EXCLUDE_FILE(*.twl*) .rodata)
 .rodata        0x000000000201d490       0x50 C:/Users/jimmy/Desktop/Coding/NDS/ROMS/Mine/CHKNnfl/nflib/lib\libnflib.a(nf_basic.o)
 *all.rodata*(*)
 *(EXCLUDE_FILE(*.twl*) .roda)
 *(EXCLUDE_FILE(*.twl*) .rodata.*)
 .rodata.str1.4
                0x000000000201d4e0       0x4d main.o
 *fill*         0x000000000201d52d        0x3 ff
 .rodata.str1.4
                0x000000000201d530       0x27 C:/Users/jimmy/Desktop/Coding/NDS/ROMS/Mine/CHKNnfl/nflib/lib\libnflib.a(nf_2d.o)
                                         0x28 (size before relaxing)
 *fill*         0x000000000201d557        0x1 ff
 .rodata.str1.4
                0x000000000201d558      0x613 C:/Users/jimmy/Desktop/Coding/NDS/ROMS/Mine/CHKNnfl/nflib/lib\libnflib.a(nf_basic.o)
                                        0x628 (size before relaxing)
 *fill*         0x000000000201db6b        0x1 ff
 .rodata.str1.4
                0x000000000201db6c       0x5e C:/Users/jimmy/Desktop/Coding/NDS/ROMS/Mine/CHKNnfl/nflib/lib\libnflib.a(nf_bitmapbg.o)
                                         0x60 (size before relaxing)
 *fill*         0x000000000201dbca        0x2 ff
 .rodata.str1.4
                0x000000000201dbcc       0x22 C:/Users/jimmy/Desktop/Coding/NDS/ROMS/Mine/CHKNnfl/nflib/lib\libnflib.a(nf_sound.o)
                                         0x28 (size before relaxing)
 *fill*         0x000000000201dbee        0x2 ff
 .rodata.str1.4
                0x000000000201dbf0       0x54 C:/Users/jimmy/Desktop/Coding/NDS/ROMS/Mine/CHKNnfl/nflib/lib\libnflib.a(nf_sprite256.o)
                                         0x7c (size before relaxing)
 .rodata.nitroFSInit.str1.4
                0x000000000201dc44        0x8 C:/devkitPro/libnds/lib\libfilesystem.a(nitrofs.o)
 .rodata.str1.4
                0x000000000201dc44        0xe C:/devkitPro/libnds/lib\libfilesystem.a(nitrofs.o)
 *fill*         0x000000000201dc52        0x2 ff
 .rodata.fatMount.part.0.str1.4
                0x000000000201dc54        0x2 C:/devkitPro/libnds/lib\libfat.a(libfat.o)
 *fill*         0x000000000201dc56        0x2 ff
 .rodata.fatInit.str1.4
                0x000000000201dc58        0x3 C:/devkitPro/libnds/lib\libfat.a(libfat.o)
 *fill*         0x000000000201dc5b        0x1 ff
 .rodata.str1.4
                0x000000000201dc5c        0x4 C:/devkitPro/libnds/lib\libfat.a(libfat.o)
 .rodata.dotab_fat
                0x000000000201dc60       0x70 C:/devkitPro/libnds/lib\libfat.a(libfat.o)
 .rodata.str1.4
                0x000000000201dcd0        0x3 C:/devkitPro/libnds/lib\libfat.a(disc.o)
                                          0x8 (size before relaxing)
 *fill*         0x000000000201dcd3        0x1 ff
 .rodata._FAT_disc_interfaces
                0x000000000201dcd4       0x18 C:/devkitPro/libnds/lib\libfat.a(disc.o)
                0x000000000201dcd4                _FAT_disc_interfaces
 .rodata._FAT_directory_entryFromPath.str1.4
                0x000000000201dcec        0x7 C:/devkitPro/libnds/lib\libfat.a(directory.o)
 .rodata.ILLEGAL_ALIAS_CHARACTERS
                0x000000000201dcec       0x12 C:/devkitPro/libnds/lib\libfat.a(directory.o)
 *fill*         0x000000000201dcfe        0x2 ff
 .rodata.ILLEGAL_LFN_CHARACTERS
                0x000000000201dd00        0xa C:/devkitPro/libnds/lib\libfat.a(directory.o)
 *fill*         0x000000000201dd0a        0x2 ff
 .rodata.LFN_offset_table
                0x000000000201dd0c       0x34 C:/devkitPro/libnds/lib\libfat.a(directory.o)
 .rodata.FAT_SIG
                0x000000000201dd40        0x3 C:/devkitPro/libnds/lib\libfat.a(partition.o)
 *fill*         0x000000000201dd43        0x1 ff
 .rodata.FS_TWL_SIG
                0x000000000201dd44        0x8 C:/devkitPro/libnds/lib\libfat.a(partition.o)
 .rodata.con_write.str1.4
                0x000000000201dd4c       0x30 C:/devkitPro/libnds/lib\libnds9.a(console.o)
 .rodata.con_write
                0x000000000201dd7c       0xd4 C:/devkitPro/libnds/lib\libnds9.a(console.o)
 .rodata.consoleClear.str1.4
                0x000000000201de50        0x5 C:/devkitPro/libnds/lib\libnds9.a(console.o)
 *fill*         0x000000000201de55        0x3 ff
 .rodata.str1.4
                0x000000000201de58       0x14 C:/devkitPro/libnds/lib\libnds9.a(console.o)
 .rodata.dotab_stdout
                0x000000000201de6c       0x70 C:/devkitPro/libnds/lib\libnds9.a(console.o)
 .rodata.default_font_bin
                0x000000000201dedc     0x2000 C:/devkitPro/libnds/lib\libnds9.a(default_font.bin.o)
                0x000000000201dedc                default_font_bin
                0x000000000201fedc                default_font_bin_end
 .rodata.SIN_LUT
                0x000000000201fedc      0x102 C:/devkitPro/libnds/lib\libnds9.a(trig.o)
                0x000000000201fedc                SIN_LUT
 *fill*         0x000000000201ffde        0x2 ff
 .rodata._ctype_
                0x000000000201ffe0      0x101 c:/devkitpro/devkitarm/bin/../lib/gcc/arm-none-eabi/12.1.0/../../../../arm-none-eabi/lib/thumb\libg.a(lib_a-ctype_.o)
                0x000000000201ffe0                _ctype_
 *fill*         0x00000000020200e1        0x3 ff
 .rodata._global_impure_ptr
                0x00000000020200e4        0x4 c:/devkitpro/devkitarm/bin/../lib/gcc/arm-none-eabi/12.1.0/../../../../arm-none-eabi/lib/thumb\libg.a(lib_a-impure.o)
                0x00000000020200e4                _global_impure_ptr
 .rodata.str1.4
                0x00000000020200e8       0x44 c:/devkitpro/devkitarm/bin/../lib/gcc/arm-none-eabi/12.1.0/../../../../arm-none-eabi/lib/thumb\libg.a(lib_a-locale.o)
                                         0x4c (size before relaxing)
 .rodata._mbrtowc_r.str1.4
                0x000000000202012c        0x1 c:/devkitpro/devkitarm/bin/../lib/gcc/arm-none-eabi/12.1.0/../../../../arm-none-eabi/lib/thumb\libg.a(lib_a-mbrtowc.o)
 .rodata._DAYS_BEFORE_MONTH
                0x000000000202012c       0x30 c:/devkitpro/devkitarm/bin/../lib/gcc/arm-none-eabi/12.1.0/../../../../arm-none-eabi/lib/thumb\libg.a(lib_a-mktime.o)
 .rodata.DAYS_IN_MONTH
                0x000000000202015c       0x30 c:/devkitpro/devkitarm/bin/../lib/gcc/arm-none-eabi/12.1.0/../../../../arm-none-eabi/lib/thumb\libg.a(lib_a-mktime.o)
 .rodata.__month_lengths
                0x000000000202018c       0x60 c:/devkitpro/devkitarm/bin/../lib/gcc/arm-none-eabi/12.1.0/../../../../arm-none-eabi/lib/thumb\libg.a(lib_a-month_lengths.o)
                0x000000000202018c                __month_lengths
 .rodata.basefix.0
                0x00000000020201ec       0x22 c:/devkitpro/devkitarm/bin/../lib/gcc/arm-none-eabi/12.1.0/../../../../arm-none-eabi/lib/thumb\libg.a(lib_a-svfiscanf.o)
 .rodata._svfprintf_r.str1.1
                0x000000000202020e       0x3b c:/devkitpro/devkitarm/bin/../lib/gcc/arm-none-eabi/12.1.0/../../../../arm-none-eabi/lib/thumb\libg.a(lib_a-svfprintf.o)
 *fill*         0x0000000002020249        0x3 ff
 .rodata.zeroes.0
                0x000000000202024c       0x10 c:/devkitpro/devkitarm/bin/../lib/gcc/arm-none-eabi/12.1.0/../../../../arm-none-eabi/lib/thumb\libg.a(lib_a-svfprintf.o)
 .rodata.blanks.1
                0x000000000202025c       0x10 c:/devkitpro/devkitarm/bin/../lib/gcc/arm-none-eabi/12.1.0/../../../../arm-none-eabi/lib/thumb\libg.a(lib_a-svfprintf.o)
 .rodata._tzset_unlocked_r.str1.4
                0x000000000202026c       0x53 c:/devkitpro/devkitarm/bin/../lib/gcc/arm-none-eabi/12.1.0/../../../../arm-none-eabi/lib/thumb\libg.a(lib_a-tzset_r.o)
 .rodata.str1.4
                0x00000000020202bf        0x4 c:/devkitpro/devkitarm/bin/../lib/gcc/arm-none-eabi/12.1.0/../../../../arm-none-eabi/lib/thumb\libg.a(lib_a-tzvars.o)
 .rodata._vfiprintf_r.str1.1
                0x00000000020202bf       0x29 c:/devkitpro/devkitarm/bin/../lib/gcc/arm-none-eabi/12.1.0/../../../../arm-none-eabi/lib/thumb\libg.a(lib_a-vfiprintf.o)
 *fill*         0x00000000020202bf        0x1 ff
 .rodata.zeroes.0
                0x00000000020202c0       0x10 c:/devkitpro/devkitarm/bin/../lib/gcc/arm-none-eabi/12.1.0/../../../../arm-none-eabi/lib/thumb\libg.a(lib_a-vfiprintf.o)
 .rodata.blanks.1
                0x00000000020202d0       0x10 c:/devkitpro/devkitarm/bin/../lib/gcc/arm-none-eabi/12.1.0/../../../../arm-none-eabi/lib/thumb\libg.a(lib_a-vfiprintf.o)
 .rodata._dtoa_r.str1.4
                0x00000000020202e0       0x6d c:/devkitpro/devkitarm/bin/../lib/gcc/arm-none-eabi/12.1.0/../../../../arm-none-eabi/lib/thumb\libg.a(lib_a-dtoa.o)
 *fill*         0x000000000202034d        0x3 ff
 .rodata.__multadd.str1.4
                0x0000000002020350       0x46 c:/devkitpro/devkitarm/bin/../lib/gcc/arm-none-eabi/12.1.0/../../../../arm-none-eabi/lib/thumb\libg.a(lib_a-mprec.o)
                                         0x5a (size before relaxing)
 *fill*         0x0000000002020396        0x2 ff
 .rodata.p05.0  0x0000000002020398        0xc c:/devkitpro/devkitarm/bin/../lib/gcc/arm-none-eabi/12.1.0/../../../../arm-none-eabi/lib/thumb\libg.a(lib_a-mprec.o)
 *fill*         0x00000000020203a4        0x4 ff
 .rodata.__mprec_bigtens
                0x00000000020203a8       0x28 c:/devkitpro/devkitarm/bin/../lib/gcc/arm-none-eabi/12.1.0/../../../../arm-none-eabi/lib/thumb\libg.a(lib_a-mprec.o)
                0x00000000020203a8                __mprec_bigtens
 .rodata.__mprec_tens
                0x00000000020203d0       0xc8 c:/devkitpro/devkitarm/bin/../lib/gcc/arm-none-eabi/12.1.0/../../../../arm-none-eabi/lib/thumb\libg.a(lib_a-mprec.o)
                0x00000000020203d0                __mprec_tens
 .rodata.__action_table
                0x0000000002020498       0x6c c:/devkitpro/devkitarm/bin/../lib/gcc/arm-none-eabi/12.1.0/../../../../arm-none-eabi/lib/thumb\libg.a(lib_a-svfiprintf.o)
                0x0000000002020498                __action_table
 .rodata.__state_table